Component: ARM Compiler 5.06 update 7 (build 960) Tool: armlink [4d3601]

==============================================================================

Section Cross References

    startup_stm32f103xb.o(RESET) refers to startup_stm32f103xb.o(STACK) for __initial_sp
    startup_stm32f103xb.o(RESET) refers to startup_stm32f103xb.o(.text) for Reset_Handler
    startup_stm32f103xb.o(RESET) refers to stm32f1xx_it.o(i.NMI_Handler) for NMI_Handler
    startup_stm32f103xb.o(RESET) refers to stm32f1xx_it.o(i.HardFault_Handler) for HardFault_Handler
    startup_stm32f103xb.o(RESET) refers to stm32f1xx_it.o(i.MemManage_Handler) for MemManage_Handler
    startup_stm32f103xb.o(RESET) refers to stm32f1xx_it.o(i.BusFault_Handler) for BusFault_Handler
    startup_stm32f103xb.o(RESET) refers to stm32f1xx_it.o(i.UsageFault_Handler) for UsageFault_Handler
    startup_stm32f103xb.o(RESET) refers to stm32f1xx_it.o(i.SVC_Handler) for SVC_Handler
    startup_stm32f103xb.o(RESET) refers to stm32f1xx_it.o(i.DebugMon_Handler) for DebugMon_Handler
    startup_stm32f103xb.o(RESET) refers to stm32f1xx_it.o(i.PendSV_Handler) for PendSV_Handler
    startup_stm32f103xb.o(RESET) refers to stm32f1xx_it.o(i.SysTick_Handler) for SysTick_Handler
    startup_stm32f103xb.o(RESET) refers to stm32f1xx_it.o(i.DMA1_Channel2_IRQHandler) for DMA1_Channel2_IRQHandler
    startup_stm32f103xb.o(RESET) refers to stm32f1xx_it.o(i.DMA1_Channel3_IRQHandler) for DMA1_Channel3_IRQHandler
    startup_stm32f103xb.o(RESET) refers to stm32f1xx_it.o(i.DMA1_Channel5_IRQHandler) for DMA1_Channel5_IRQHandler
    startup_stm32f103xb.o(RESET) refers to stm32f1xx_it.o(i.DMA1_Channel6_IRQHandler) for DMA1_Channel6_IRQHandler
    startup_stm32f103xb.o(RESET) refers to stm32f1xx_it.o(i.DMA1_Channel7_IRQHandler) for DMA1_Channel7_IRQHandler
    startup_stm32f103xb.o(RESET) refers to stm32f1xx_it.o(i.TIM1_UP_IRQHandler) for TIM1_UP_IRQHandler
    startup_stm32f103xb.o(RESET) refers to stm32f1xx_it.o(i.TIM2_IRQHandler) for TIM2_IRQHandler
    startup_stm32f103xb.o(RESET) refers to stm32f1xx_it.o(i.I2C1_EV_IRQHandler) for I2C1_EV_IRQHandler
    startup_stm32f103xb.o(RESET) refers to stm32f1xx_it.o(i.I2C1_ER_IRQHandler) for I2C1_ER_IRQHandler
    startup_stm32f103xb.o(RESET) refers to stm32f1xx_it.o(i.SPI1_IRQHandler) for SPI1_IRQHandler
    startup_stm32f103xb.o(RESET) refers to stm32f1xx_it.o(i.USART1_IRQHandler) for USART1_IRQHandler
    startup_stm32f103xb.o(.text) refers to system_stm32f1xx.o(i.SystemInit) for SystemInit
    startup_stm32f103xb.o(.text) refers to entry.o(.ARM.Collect$$$$00000000) for __main
    nrf24l01.o(i.NRF24L01_Clear_IRQ_Flag) refers to nrf24l01.o(i.NRF24L01_Read_Status_Register) for NRF24L01_Read_Status_Register
    nrf24l01.o(i.NRF24L01_Clear_IRQ_Flag) refers to stm32f1xx_hal_gpio.o(i.HAL_GPIO_WritePin) for HAL_GPIO_WritePin
    nrf24l01.o(i.NRF24L01_Clear_IRQ_Flag) refers to nrf24l01.o(i.drv_spi_read_write_byte) for drv_spi_read_write_byte
    nrf24l01.o(i.NRF24L01_Flush_Rx_Fifo) refers to stm32f1xx_hal_gpio.o(i.HAL_GPIO_WritePin) for HAL_GPIO_WritePin
    nrf24l01.o(i.NRF24L01_Flush_Rx_Fifo) refers to nrf24l01.o(i.drv_spi_read_write_byte) for drv_spi_read_write_byte
    nrf24l01.o(i.NRF24L01_Flush_Tx_Fifo) refers to stm32f1xx_hal_gpio.o(i.HAL_GPIO_WritePin) for HAL_GPIO_WritePin
    nrf24l01.o(i.NRF24L01_Flush_Tx_Fifo) refers to nrf24l01.o(i.drv_spi_read_write_byte) for drv_spi_read_write_byte
    nrf24l01.o(i.NRF24L01_Gpio_Init) refers to stm32f1xx_hal_gpio.o(i.HAL_GPIO_WritePin) for HAL_GPIO_WritePin
    nrf24l01.o(i.NRF24L01_Nop) refers to stm32f1xx_hal_gpio.o(i.HAL_GPIO_WritePin) for HAL_GPIO_WritePin
    nrf24l01.o(i.NRF24L01_Nop) refers to nrf24l01.o(i.drv_spi_read_write_byte) for drv_spi_read_write_byte
    nrf24l01.o(i.NRF24L01_Read_Buf) refers to stm32f1xx_hal_gpio.o(i.HAL_GPIO_WritePin) for HAL_GPIO_WritePin
    nrf24l01.o(i.NRF24L01_Read_Buf) refers to nrf24l01.o(i.drv_spi_read_write_byte) for drv_spi_read_write_byte
    nrf24l01.o(i.NRF24L01_Read_Buf_DMA) refers to memseta.o(.text) for __aeabi_memset
    nrf24l01.o(i.NRF24L01_Read_Buf_DMA) refers to stm32f1xx_hal_gpio.o(i.HAL_GPIO_WritePin) for HAL_GPIO_WritePin
    nrf24l01.o(i.NRF24L01_Read_Buf_DMA) refers to nrf24l01.o(i.drv_spi_read_write_buffer_dma) for drv_spi_read_write_buffer_dma
    nrf24l01.o(i.NRF24L01_Read_Buf_DMA) refers to memcpya.o(.text) for __aeabi_memcpy
    nrf24l01.o(i.NRF24L01_Read_Reg) refers to stm32f1xx_hal_gpio.o(i.HAL_GPIO_WritePin) for HAL_GPIO_WritePin
    nrf24l01.o(i.NRF24L01_Read_Reg) refers to nrf24l01.o(i.drv_spi_read_write_byte) for drv_spi_read_write_byte
    nrf24l01.o(i.NRF24L01_Read_Reg_DMA) refers to stm32f1xx_hal_gpio.o(i.HAL_GPIO_WritePin) for HAL_GPIO_WritePin
    nrf24l01.o(i.NRF24L01_Read_Reg_DMA) refers to stm32f1xx_hal_spi.o(i.HAL_SPI_TransmitReceive_DMA) for HAL_SPI_TransmitReceive_DMA
    nrf24l01.o(i.NRF24L01_Read_Reg_DMA) refers to stm32f1xx_hal_spi.o(i.HAL_SPI_GetState) for HAL_SPI_GetState
[...]
    i.HAL_GetTick                            0x08000ebc   Section        0  stm32f1xx_hal.o(i.HAL_GetTick)
    i.HAL_I2C_AbortCpltCallback              0x08000ec8   Section        0  stm32f1xx_hal_i2c.o(i.HAL_I2C_AbortCpltCallback)
    i.HAL_I2C_AddrCallback                   0x08000eca   Section        0  stm32f1xx_hal_i2c.o(i.HAL_I2C_AddrCallback)
    i.HAL_I2C_ER_IRQHandler                  0x08000ecc   Section        0  stm32f1xx_hal_i2c.o(i.HAL_I2C_ER_IRQHandler)
    i.HAL_I2C_EV_IRQHandler                  0x08000f90   Section        0  stm32f1xx_hal_i2c.o(i.HAL_I2C_EV_IRQHandler)
    i.HAL_I2C_ErrorCallback                  0x080011c0   Section        0  stm32f1xx_hal_i2c.o(i.HAL_I2C_ErrorCallback)
    i.HAL_I2C_GetState                       0x080011c2   Section        0  stm32f1xx_hal_i2c.o(i.HAL_I2C_GetState)
    i.HAL_I2C_Init                           0x080011c8   Section        0  stm32f1xx_hal_i2c.o(i.HAL_I2C_Init)
    i.HAL_I2C_ListenCpltCallback             0x08001350   Section        0  stm32f1xx_hal_i2c.o(i.HAL_I2C_ListenCpltCallback)
    i.HAL_I2C_MasterRxCpltCallback           0x08001352   Section        0  stm32f1xx_hal_i2c.o(i.HAL_I2C_MasterRxCpltCallback)
    i.HAL_I2C_MasterTxCpltCallback           0x08001354   Section        0  stm32f1xx_hal_i2c.o(i.HAL_I2C_MasterTxCpltCallback)
    i.HAL_I2C_Master_Transmit_DMA            0x08001358   Section        0  stm32f1xx_hal_i2c.o(i.HAL_I2C_Master_Transmit_DMA)
    i.HAL_I2C_MemRxCpltCallback              0x080014ac   Section        0  stm32f1xx_hal_i2c.o(i.HAL_I2C_MemRxCpltCallback)
    i.HAL_I2C_MemTxCpltCallback              0x080014ae   Section        0  stm32f1xx_hal_i2c.o(i.HAL_I2C_MemTxCpltCallback)
    i.HAL_I2C_MspInit                        0x080014b0   Section        0  i2c.o(i.HAL_I2C_MspInit)
    i.HAL_I2C_SlaveRxCpltCallback            0x08001590   Section        0  stm32f1xx_hal_i2c.o(i.HAL_I2C_SlaveRxCpltCallback)
    i.HAL_I2C_SlaveTxCpltCallback            0x08001592   Section        0  stm32f1xx_hal_i2c.o(i.HAL_I2C_SlaveTxCpltCallback)
    i.HAL_I2C_WriteCommand                   0x08001594   Section        0  i2c.o(i.HAL_I2C_WriteCommand)
    i.HAL_I2C_WriteData                      0x080015c0   Section        0  i2c.o(i.HAL_I2C_WriteData)
    i.HAL_IncTick                            0x08001614   Section        0  stm32f1xx_hal.o(i.HAL_IncTick)
    i.HAL_Init                               0x08001624   Section        0  stm32f1xx_hal.o(i.HAL_Init)
    i.HAL_InitTick                           0x08001648   Section        0  stm32f1xx_hal.o(i.HAL_InitTick)
    i.HAL_MspInit                            0x08001688   Section        0  stm32f1xx_hal_msp.o(i.HAL_MspInit)
    i.HAL_NVIC_EnableIRQ                     0x080016c4   Section        0  stm32f1xx_hal_cortex.o(i.HAL_NVIC_EnableIRQ)
    i.HAL_NVIC_SetPriority                   0x080016e0   Section        0  stm32f1xx_hal_cortex.o(i.HAL_NVIC_SetPriority)
    i.HAL_NVIC_SetPriorityGrouping           0x08001720   Section        0  stm32f1xx_hal_cortex.o(i.HAL_NVIC_SetPriorityGrouping)
    i.HAL_RCC_ClockConfig                    0x08001744   Section        0  stm32f1xx_hal_rcc.o(i.HAL_RCC_ClockConfig)
    i.HAL_RCC_GetPCLK1Freq                   0x08001870   Section        0  stm32f1xx_hal_rcc.o(i.HAL_RCC_GetPCLK1Freq)
    i.HAL_RCC_GetPCLK2Freq                   0x08001890   Section        0  stm32f1xx_hal_rcc.o(i.HAL_RCC_GetPCLK2Freq)
    i.HAL_RCC_GetSysClockFreq                0x080018b0   Section        0  stm32f1xx_hal_rcc.o(i.HAL_RCC_GetSysClockFreq)
    i.HAL_RCC_OscConfig                      0x080018fc   Section        0  stm32f1xx_hal_rcc.o(i.HAL_RCC_OscConfig)
    i.HAL_SPI_ErrorCallback                  0x08001c1c   Section        0  stm32f1xx_hal_spi.o(i.HAL_SPI_ErrorCallback)
    i.HAL_SPI_GetState                       0x08001c1e   Section        0  stm32f1xx_hal_spi.o(i.HAL_SPI_GetState)
    i.HAL_SPI_IRQHandler                     0x08001c24   Section        0  stm32f1xx_hal_spi.o(i.HAL_SPI_IRQHandler)
    i.HAL_SPI_Init                           0x08001d04   Section        0  stm32f1xx_hal_spi.o(i.HAL_SPI_Init)
    i.HAL_SPI_MspInit                        0x08001db8   Section        0  spi.o(i.HAL_SPI_MspInit)
    i.HAL_SPI_RxCpltCallback                 0x08001e9c   Section        0  stm32f1xx_hal_spi.o(i.HAL_SPI_RxCpltCallback)
    i.HAL_SPI_RxHalfCpltCallback             0x08001e9e   Section        0  stm32f1xx_hal_spi.o(i.HAL_SPI_RxHalfCpltCallback)
    i.HAL_SPI_TransmitReceive                0x08001ea0   Section        0  stm32f1xx_hal_spi.o(i.HAL_SPI_TransmitReceive)
    i.HAL_SPI_TransmitReceive_DMA            0x08002090   Section        0  stm32f1xx_hal_spi.o(i.HAL_SPI_TransmitReceive_DMA)
    i.HAL_SPI_Transmit_DMA                   0x080021a0   Section        0  stm32f1xx_hal_spi.o(i.HAL_SPI_Transmit_DMA)
    i.HAL_SPI_TxCpltCallback                 0x0800226c   Section        0  stm32f1xx_hal_spi.o(i.HAL_SPI_TxCpltCallback)
    i.HAL_SPI_TxHalfCpltCallback             0x0800226e   Section        0  stm32f1xx_hal_spi.o(i.HAL_SPI_TxHalfCpltCallback)
    i.HAL_SPI_TxRxCpltCallback               0x08002270   Section        0  stm32f1xx_hal_spi.o(i.HAL_SPI_TxRxCpltCallback)
    i.HAL_SPI_TxRxHalfCpltCallback           0x08002272   Section        0  stm32f1xx_hal_spi.o(i.HAL_SPI_TxRxHalfCpltCallback)
    i.HAL_SYSTICK_Config                     0x08002274   Section        0  stm32f1xx_hal_cortex.o(i.HAL_SYSTICK_Config)
    i.HAL_TIMEx_BreakCallback                0x0800229c   Section        0  stm32f1xx_hal_tim_ex.o(i.HAL_TIMEx_BreakCallback)
    i.HAL_TIMEx_CommutCallback               0x0800229e   Section        0  stm32f1xx_hal_tim_ex.o(i.HAL_TIMEx_CommutCallback)
    i.HAL_TIMEx_MasterConfigSynchronization  0x080022a0   Section        0  stm32f1xx_hal_tim_ex.o(i.HAL_TIMEx_MasterConfigSynchronization)
    i.HAL_TIM_Base_Init                      0x08002308   Section        0  stm32f1xx_hal_tim.o(i.HAL_TIM_Base_Init)
    i.HAL_TIM_Base_MspInit                   0x08002364   Section        0  tim.o(i.HAL_TIM_Base_MspInit)
    i.HAL_TIM_Base_Start_IT                  0x080023f8   Section        0  stm32f1xx_hal_tim.o(i.HAL_TIM_Base_Start_IT)
    i.HAL_TIM_ConfigClockSource              0x08002450   Section        0  stm32f1xx_hal_tim.o(i.HAL_TIM_ConfigClockSource)
    i.HAL_TIM_IC_CaptureCallback             0x0800252c   Section        0  stm32f1xx_hal_tim.o(i.HAL_TIM_IC_CaptureCallback)
    i.HAL_TIM_IRQHandler                     0x0800252e   Section        0  stm32f1xx_hal_tim.o(i.HAL_TIM_IRQHandler)
    i.HAL_TIM_MspPostInit                    0x08002660   Section        0  tim.o(i.HAL_TIM_MspPostInit)
    i.HAL_TIM_OC_DelayElapsedCallback        0x080026a8   Section        0  stm32f1xx_hal_tim.o(i.HAL_TIM_OC_DelayElapsedCallback)
    i.HAL_TIM_PWM_ConfigChannel              0x080026aa   Section        0  stm32f1xx_hal_tim.o(i.HAL_TIM_PWM_ConfigChannel)
    i.HAL_TIM_PWM_Init                       0x08002776   Section        0  stm32f1xx_hal_tim.o(i.HAL_TIM_PWM_Init)
    i.HAL_TIM_PWM_MspInit                    0x080027d0   Section        0  stm32f1xx_hal_tim.o(i.HAL_TIM_PWM_MspInit)
    i.HAL_TIM_PWM_PulseFinishedCallback      0x080027d2   Section        0  stm32f1xx_hal_tim.o(i.HAL_TIM_PWM_PulseFinishedCallback)
    i.HAL_TIM_PWM_Start                      0x080027d4   Section        0  stm32f1xx_hal_tim.o(i.HAL_TIM_PWM_Start)
    i.HAL_TIM_PeriodElapsedCallback          0x08002870   Section        0  stm32f1xx_hal_tim.o(i.HAL_TIM_PeriodElapsedCallback)
    i.HAL_TIM_TriggerCallback                0x08002872   Section        0  stm32f1xx_hal_tim.o(i.HAL_TIM_TriggerCallback)
    i.HAL_UARTEx_RxEventCallback             0x08002874   Section        0  stm32f1xx_hal_uart.o(i.HAL_UARTEx_RxEventCallback)
    i.HAL_UART_ErrorCallback                 0x08002876   Section        0  stm32f1xx_hal_uart.o(i.HAL_UART_ErrorCallback)
    i.HAL_UART_IRQHandler                    0x08002878   Section        0  stm32f1xx_hal_uart.o(i.HAL_UART_IRQHandler)
    i.HAL_UART_Init                          0x08002ae4   Section        0  stm32f1xx_hal_uart.o(i.HAL_UART_Init)
    i.HAL_UART_MspInit                       0x08002b48   Section        0  usart.o(i.HAL_UART_MspInit)
    i.HAL_UART_RxCpltCallback                0x08002bc8   Section        0  stm32f1xx_hal_uart.o(i.HAL_UART_RxCpltCallback)
    i.HAL_UART_TxCpltCallback                0x08002bca   Section        0  stm32f1xx_hal_uart.o(i.HAL_UART_TxCpltCallback)
    i.HardFault_Handler                      0x08002bcc   Section        0  stm32f1xx_it.o(i.HardFault_Handler)
    i.I2C1_ER_IRQHandler                     0x08002bd0   Section        0  stm32f1xx_it.o(i.I2C1_ER_IRQHandler)
    i.I2C1_EV_IRQHandler                     0x08002bdc   Section        0  stm32f1xx_it.o(i.I2C1_EV_IRQHandler)
    i.I2C_DMAAbort                           0x08002be8   Section        0  stm32f1xx_hal_i2c.o(i.I2C_DMAAbort)
    I2C_DMAAbort                             0x08002be9   Thumb Code   182  stm32f1xx_hal_i2c.o(i.I2C_DMAAbort)
    i.I2C_DMAError                           0x08002ca4   Section        0  stm32f1xx_hal_i2c.o(i.I2C_DMAError)
    I2C_DMAError                             0x08002ca5   Thumb Code    54  stm32f1xx_hal_i2c.o(i.I2C_DMAError)
    i.I2C_DMAXferCplt                        0x08002cda   Section        0  stm32f1xx_hal_i2c.o(i.I2C_DMAXferCplt)
    I2C_DMAXferCplt                          0x08002cdb   Thumb Code   274  stm32f1xx_hal_i2c.o(i.I2C_DMAXferCplt)
    i.I2C_Flush_DR                           0x08002dec   Section        0  stm32f1xx_hal_i2c.o(i.I2C_Flush_DR)
    I2C_Flush_DR                             0x08002ded   Thumb Code    16  stm32f1xx_hal_i2c.o(i.I2C_Flush_DR)
    i.I2C_ITError                            0x08002dfc   Section        0  stm32f1xx_hal_i2c.o(i.I2C_ITError)
    I2C_ITError                              0x08002dfd   Thumb Code   336  stm32f1xx_hal_i2c.o(i.I2C_ITError)
    i.I2C_MasterReceive_BTF                  0x08002f54   Section        0  stm32f1xx_hal_i2c.o(i.I2C_MasterReceive_BTF)
    I2C_MasterReceive_BTF                    0x08002f55   Thumb Code   218  stm32f1xx_hal_i2c.o(i.I2C_MasterReceive_BTF)
    i.I2C_MasterReceive_RXNE                 0x08003030   Section        0  stm32f1xx_hal_i2c.o(i.I2C_MasterReceive_RXNE)
    I2C_MasterReceive_RXNE                   0x08003031   Thumb Code   238  stm32f1xx_hal_i2c.o(i.I2C_MasterReceive_RXNE)
    i.I2C_MasterTransmit_BTF                 0x08003124   Section        0  stm32f1xx_hal_i2c.o(i.I2C_MasterTransmit_BTF)
    I2C_MasterTransmit_BTF                   0x08003125   Thumb Code   130  stm32f1xx_hal_i2c.o(i.I2C_MasterTransmit_BTF)
    i.I2C_MasterTransmit_TXE                 0x080031a8   Section        0  stm32f1xx_hal_i2c.o(i.I2C_MasterTransmit_TXE)
    I2C_MasterTransmit_TXE                   0x080031a9   Thumb Code   182  stm32f1xx_hal_i2c.o(i.I2C_MasterTransmit_TXE)
    i.I2C_Master_ADDR                        0x08003260   Section        0  stm32f1xx_hal_i2c.o(i.I2C_Master_ADDR)
    I2C_Master_ADDR                          0x08003261   Thumb Code   340  stm32f1xx_hal_i2c.o(i.I2C_Master_ADDR)
    i.I2C_Master_SB                          0x080033b8   Section        0  stm32f1xx_hal_i2c.o(i.I2C_Master_SB)
    I2C_Master_SB                            0x080033b9   Thumb Code   140  stm32f1xx_hal_i2c.o(i.I2C_Master_SB)
    i.I2C_MemoryTransmit_TXE_BTF             0x08003444   Section        0  stm32f1xx_hal_i2c.o(i.I2C_MemoryTransmit_TXE_BTF)
    I2C_MemoryTransmit_TXE_BTF               0x08003445   Thumb Code   168  stm32f1xx_hal_i2c.o(i.I2C_MemoryTransmit_TXE_BTF)
    i.I2C_Slave_ADDR                         0x080034ec   Section        0  stm32f1xx_hal_i2c.o(i.I2C_Slave_ADDR)
    I2C_Slave_ADDR                           0x080034ed   Thumb Code    70  stm32f1xx_hal_i2c.o(i.I2C_Slave_ADDR)
    i.I2C_Slave_AF                           0x08003534   Section        0  stm32f1xx_hal_i2c.o(i.I2C_Slave_AF)
    I2C_Slave_AF                             0x08003535   Thumb Code   138  stm32f1xx_hal_i2c.o(i.I2C_Slave_AF)
    i.I2C_Slave_STOPF                        0x080035c4   Section        0  stm32f1xx_hal_i2c.o(i.I2C_Slave_STOPF)
    I2C_Slave_STOPF                          0x080035c5   Thumb Code   338  stm32f1xx_hal_i2c.o(i.I2C_Slave_STOPF)
    i.MX_DMA_Init                            0x08003720   Section        0  dma.o(i.MX_DMA_Init)
    i.MX_GPIO_Init                           0x0800378c   Section        0  gpio.o(i.MX_GPIO_Init)
    i.MX_I2C1_Init                           0x08003888   Section        0  i2c.o(i.MX_I2C1_Init)
    i.MX_SPI1_Init                           0x080038c8   Section        0  spi.o(i.MX_SPI1_Init)
    i.MX_TIM1_Init                           0x08003910   Section        0  tim.o(i.MX_TIM1_Init)
    i.MX_TIM2_Init                           0x0800397c   Section        0  tim.o(i.MX_TIM2_Init)
    i.MX_USART1_UART_Init                    0x08003a58   Section        0  usart.o(i.MX_USART1_UART_Init)
    i.MemManage_Handler                      0x08003a90   Section        0  stm32f1xx_it.o(i.MemManage_Handler)
    i.NMI_Handler                            0x08003a92   Section        0  stm32f1xx_it.o(i.NMI_Handler)
    i.NRF24L01_Clear_IRQ_Flag                0x08003a94   Section        0  nrf24l01.o(i.NRF24L01_Clear_IRQ_Flag)
    i.NRF24L01_Gpio_Init                     0x08003ad0   Section        0  nrf24l01.o(i.NRF24L01_Gpio_Init)
    i.NRF24L01_Read_Buf                      0x08003b08   Section        0  nrf24l01.o(i.NRF24L01_Read_Buf)
    i.NRF24L01_Read_Reg                      0x08003b4c   Section        0  nrf24l01.o(i.NRF24L01_Read_Reg)
    i.NRF24L01_Read_Status_Register          0x08003b7c   Section        0  nrf24l01.o(i.NRF24L01_Read_Status_Register)
    i.NRF24L01_RxPacket                      0x08003b98   Section        0  nrf24l01.o(i.NRF24L01_RxPacket)
    i.NRF24L01_Set_RxAddr                    0x08003c28   Section        0  nrf24l01.o(i.NRF24L01_Set_RxAddr)
    i.NRF24L01_Set_RxAddr_DMA                0x08003c3c   Section        0  nrf24l01.o(i.NRF24L01_Set_RxAddr_DMA)
    i.NRF24L01_Set_TxAddr                    0x08003c94   Section        0  nrf24l01.o(i.NRF24L01_Set_TxAddr)
    i.NRF24L01_Set_TxAddr_DMA                0x08003ca4   Section        0  nrf24l01.o(i.NRF24L01_Set_TxAddr_DMA)
    i.NRF24L01_Write_Buf                     0x08003cf4   Section        0  nrf24l01.o(i.NRF24L01_Write_Buf)
    i.NRF24L01_Write_Reg                     0x08003d38   Section        0  nrf24l01.o(i.NRF24L01_Write_Reg)
    i.NRF24L01_check_DMA                     0x08003d6c   Section        0  nrf24l01.o(i.NRF24L01_check_DMA)
    i.OLED_Clear                             0x08003e4c   Section        0  oled.o(i.OLED_Clear)
    i.OLED_Init                              0x08003e88   Section        0  oled.o(i.OLED_Init)
    i.OLED_Set_Pos                           0x08003ea8   Section        0  oled.o(i.OLED_Set_Pos)
    i.OLED_ShowChar                          0x08003ecc   Section        0  oled.o(i.OLED_ShowChar)
    i.OLED_ShowString                        0x08003f68   Section        0  oled.o(i.OLED_ShowString)
    i.Oled_WriteCommand                      0x08003fc0   Section        0  oled.o(i.Oled_WriteCommand)
    i.Oled_WriteData                         0x08003fd0   Section        0  oled.o(i.Oled_WriteData)
    i.PendSV_Handler                         0x08003fec   Section        0  stm32f1xx_it.o(i.PendSV_Handler)
    i.RF24L01_Init                           0x08003ff0   Section        0  nrf24l01.o(i.RF24L01_Init)
    i.RF24L01_Init_DMA                       0x08004080   Section        0  nrf24l01.o(i.RF24L01_Init_DMA)
    i.RF24L01_Set_Mode                       0x08004120   Section        0  nrf24l01.o(i.RF24L01_Set_Mode)
    i.RF24L01_Set_Mode_DMA                   0x08004148   Section        0  nrf24l01.o(i.RF24L01_Set_Mode_DMA)
    i.SPI1_IRQHandler                        0x080041d8   Section        0  stm32f1xx_it.o(i.SPI1_IRQHandler)
    i.SPI_DMAAbortOnError                    0x080041e4   Section        0  stm32f1xx_hal_spi.o(i.SPI_DMAAbortOnError)
    SPI_DMAAbortOnError                      0x080041e5   Thumb Code    16  stm32f1xx_hal_spi.o(i.SPI_DMAAbortOnError)
    i.SPI_DMAError                           0x080041f4   Section        0  stm32f1xx_hal_spi.o(i.SPI_DMAError)
    SPI_DMAError                             0x080041f5   Thumb Code    34  stm32f1xx_hal_spi.o(i.SPI_DMAError)
    i.SPI_DMAHalfReceiveCplt                 0x08004216   Section        0  stm32f1xx_hal_spi.o(i.SPI_DMAHalfReceiveCplt)
    SPI_DMAHalfReceiveCplt                   0x08004217   Thumb Code    10  stm32f1xx_hal_spi.o(i.SPI_DMAHalfReceiveCplt)
    i.SPI_DMAHalfTransmitCplt                0x08004220   Section        0  stm32f1xx_hal_spi.o(i.SPI_DMAHalfTransmitCplt)
    SPI_DMAHalfTransmitCplt                  0x08004221   Thumb Code    10  stm32f1xx_hal_spi.o(i.SPI_DMAHalfTransmitCplt)
    i.SPI_DMAHalfTransmitReceiveCplt         0x0800422a   Section        0  stm32f1xx_hal_spi.o(i.SPI_DMAHalfTransmitReceiveCplt)
    SPI_DMAHalfTransmitReceiveCplt           0x0800422b   Thumb Code    10  stm32f1xx_hal_spi.o(i.SPI_DMAHalfTransmitReceiveCplt)
    i.SPI_DMAReceiveCplt                     0x08004234   Section        0  stm32f1xx_hal_spi.o(i.SPI_DMAReceiveCplt)
    SPI_DMAReceiveCplt                       0x08004235   Thumb Code   106  stm32f1xx_hal_spi.o(i.SPI_DMAReceiveCplt)
    i.SPI_DMATransmitCplt                    0x0800429e   Section        0  stm32f1xx_hal_spi.o(i.SPI_DMATransmitCplt)
    SPI_DMATransmitCplt                      0x0800429f   Thumb Code   100  stm32f1xx_hal_spi.o(i.SPI_DMATransmitCplt)
    i.SPI_DMATransmitReceiveCplt             0x08004302   Section        0  stm32f1xx_hal_spi.o(i.SPI_DMATransmitReceiveCplt)
    SPI_DMATransmitReceiveCplt               0x08004303   Thumb Code    90  stm32f1xx_hal_spi.o(i.SPI_DMATransmitReceiveCplt)
    i.SPI_EndRxTransaction                   0x0800435c   Section        0  stm32f1xx_hal_spi.o(i.SPI_EndRxTransaction)
    SPI_EndRxTransaction                     0x0800435d   Thumb Code    92  stm32f1xx_hal_spi.o(i.SPI_EndRxTransaction)
    i.SPI_EndRxTxTransaction                 0x080043b8   Section        0  stm32f1xx_hal_spi.o(i.SPI_EndRxTxTransaction)
    SPI_EndRxTxTransaction                   0x080043b9   Thumb Code    52  stm32f1xx_hal_spi.o(i.SPI_EndRxTxTransaction)
    i.SPI_WaitFlagStateUntilTimeout          0x080043ec   Section        0  stm32f1xx_hal_spi.o(i.SPI_WaitFlagStateUntilTimeout)
    SPI_WaitFlagStateUntilTimeout            0x080043ed   Thumb Code   180  stm32f1xx_hal_spi.o(i.SPI_WaitFlagStateUntilTimeout)
    i.SVC_Handler                            0x080044a4   Section        0  stm32f1xx_it.o(i.SVC_Handler)
    i.SysTick_Handler                        0x080044a6   Section        0  stm32f1xx_it.o(i.SysTick_Handler)
    i.SystemClock_Config                     0x080044aa   Section        0  main.o(i.SystemClock_Config)
    i.SystemInit                             0x08004508   Section        0  system_stm32f1xx.o(i.SystemInit)
    i.TIM1_UP_IRQHandler                     0x0800450c   Section        0  stm32f1xx_it.o(i.TIM1_UP_IRQHandler)
    i.TIM2_IRQHandler                        0x08004518   Section        0  stm32f1xx_it.o(i.TIM2_IRQHandler)
    i.TIM_Base_SetConfig                     0x08004524   Section        0  stm32f1xx_hal_tim.o(i.TIM_Base_SetConfig)
    i.TIM_CCxChannelCmd                      0x0800459c   Section        0  stm32f1xx_hal_tim.o(i.TIM_CCxChannelCmd)
    i.TIM_ETR_SetConfig                      0x080045b6   Section        0  stm32f1xx_hal_tim.o(i.TIM_ETR_SetConfig)
    i.TIM_ITRx_SetConfig                     0x080045ca   Section        0  stm32f1xx_hal_tim.o(i.TIM_ITRx_SetConfig)
    TIM_ITRx_SetConfig                       0x080045cb   Thumb Code    16  stm32f1xx_hal_tim.o(i.TIM_ITRx_SetConfig)
    i.TIM_OC1_SetConfig                      0x080045dc   Section        0  stm32f1xx_hal_tim.o(i.TIM_OC1_SetConfig)
    TIM_OC1_SetConfig                        0x080045dd   Thumb Code    74  stm32f1xx_hal_tim.o(i.TIM_OC1_SetConfig)
    i.TIM_OC2_SetConfig                      0x0800462c   Section        0  stm32f1xx_hal_tim.o(i.TIM_OC2_SetConfig)
    i.TIM_OC3_SetConfig                      0x08004684   Section        0  stm32f1xx_hal_tim.o(i.TIM_OC3_SetConfig)
    TIM_OC3_SetConfig                        0x08004685   Thumb Code    82  stm32f1xx_hal_tim.o(i.TIM_OC3_SetConfig)
    i.TIM_OC4_SetConfig                      0x080046dc   Section        0  stm32f1xx_hal_tim.o(i.TIM_OC4_SetConfig)
    TIM_OC4_SetConfig                        0x080046dd   Thumb Code    64  stm32f1xx_hal_tim.o(i.TIM_OC4_SetConfig)
    i.TIM_TI1_ConfigInputStage               0x08004720   Section        0  stm32f1xx_hal_tim.o(i.TIM_TI1_ConfigInputStage)
    TIM_TI1_ConfigInputStage                 0x08004721   Thumb Code    34  stm32f1xx_hal_tim.o(i.TIM_TI1_ConfigInputStage)
    i.TIM_TI2_ConfigInputStage               0x08004742   Section        0  stm32f1xx_hal_tim.o(i.TIM_TI2_ConfigInputStage)
    TIM_TI2_ConfigInputStage                 0x08004743   Thumb Code    36  stm32f1xx_hal_tim.o(i.TIM_TI2_ConfigInputStage)
    i.UART_DMAAbortOnError                   0x08004766   Section        0  stm32f1xx_hal_uart.o(i.UART_DMAAbortOnError)
    UART_DMAAbortOnError                     0x08004767   Thumb Code    16  stm32f1xx_hal_uart.o(i.UART_DMAAbortOnError)
    i.UART_EndRxTransfer                     0x08004776   Section        0  stm32f1xx_hal_uart.o(i.UART_EndRxTransfer)
    UART_EndRxTransfer                       0x08004777   Thumb Code    78  stm32f1xx_hal_uart.o(i.UART_EndRxTransfer)
    i.UART_Receive_IT                        0x080047c4   Section        0  stm32f1xx_hal_uart.o(i.UART_Receive_IT)
    UART_Receive_IT                          0x080047c5   Thumb Code   194  stm32f1xx_hal_uart.o(i.UART_Receive_IT)
    i.UART_SetConfig                         0x08004888   Section        0  stm32f1xx_hal_uart.o(i.UART_SetConfig)
    UART_SetConfig                           0x08004889   Thumb Code   178  stm32f1xx_hal_uart.o(i.UART_SetConfig)
    i.USART1_IRQHandler                      0x08004940   Section        0  stm32f1xx_it.o(i.USART1_IRQHandler)
    i.UsageFault_Handler                     0x0800494c   Section        0  stm32f1xx_it.o(i.UsageFault_Handler)
    i.__NVIC_SetPriority                     0x0800494e   Section        0  stm32f1xx_hal_cortex.o(i.__NVIC_SetPriority)
    __NVIC_SetPriority                       0x0800494f   Thumb Code    32  stm32f1xx_hal_cortex.o(i.__NVIC_SetPriority)
    i.__aeabi_errno_addr                     0x08004970   Section        0  errno.o(i.__aeabi_errno_addr)
    i.__scatterload_copy                     0x08004978   Section       14  handlers.o(i.__scatterload_copy)
    i.__scatterload_null                     0x08004986   Section        2  handlers.o(i.__scatterload_null)
    i.__scatterload_zeroinit                 0x08004988   Section       14  handlers.o(i.__scatterload_zeroinit)
    i.apply_deadzone                         0x08004996   Section        0  driver.o(i.apply_deadzone)
    apply_deadzone                           0x08004997   Thumb Code    46  driver.o(i.apply_deadzone)
    i.drv_spi_read_write_byte                0x080049c4   Section        0  nrf24l01.o(i.drv_spi_read_write_byte)
    i.fmaxf                                  0x080049e4   Section        0  fmaxf.o(i.fmaxf)
    i.fminf                                  0x08004a0c   Section        0  fminf.o(i.fminf)
    i.free                                   0x08004a34   Section        0  malloc.o(i.free)
    i.main                                   0x08004a84   Section        0  main.o(i.main)
    i.malloc                                 0x08004b50   Section        0  malloc.o(i.malloc)
    i.motor_control                          0x08004bbc   Section        0  driver.o(i.motor_control)
    motor_control                            0x08004bbd   Thumb Code   206  driver.o(i.motor_control)
    i.parse_input_str                        0x08004c98   Section        0  main.o(i.parse_input_str)
    i.round                                  0x08004cc8   Section        0  round.o(i.round)
    i.update_motion_control                  0x08004d5c   Section        0  driver.o(i.update_motion_control)
    .constdata                               0x08004e50   Section       18  nrf24l01.o(.constdata)
    init_config                              0x08004e50   Data          18  nrf24l01.o(.constdata)
    .constdata                               0x08004e62   Section       18  stm32f1xx_hal_rcc.o(.constdata)
    aPredivFactorTable                       0x08004e62   Data           2  stm32f1xx_hal_rcc.o(.constdata)
    aPLLMULFactorTable                       0x08004e64   Data          16  stm32f1xx_hal_rcc.o(.constdata)
    .constdata                               0x08004e74   Section       16  system_stm32f1xx.o(.constdata)
    .constdata                               0x08004e84   Section        8  system_stm32f1xx.o(.constdata)
    .constdata                               0x08004e8c   Section     2088  oled.o(.constdata)
    .constdata                               0x080056b4   Section      129  ctype_o.o(.constdata)
    .constdata                               0x08005738   Section        4  ctype_o.o(.constdata)
    table                                    0x08005738   Data           4  ctype_o.o(.constdata)
    .data                                    0x20000000   Section        8  tim.o(.data)
    .data                                    0x20000008   Section       56  driver.o(.data)
    .data                                    0x20000040   Section       12  stm32f1xx_hal.o(.data)
    .data                                    0x2000004c   Section        4  system_stm32f1xx.o(.data)
    .data                                    0x20000050   Section       23  oled.o(.data)
    .data                                    0x20000068   Section        4  strtok.o(.data)
    state                                    0x20000068   Data           4  strtok.o(.data)
    .data                                    0x2000006c   Section        4  mvars.o(.data)
    .data                                    0x20000070   Section        4  mvars.o(.data)
    .data                                    0x20000074   Section        4  errno.o(.data)
    _errno                                   0x20000074   Data           4  errno.o(.data)
    .bss                                     0x20000078   Section       36  main.o(.bss)
    .bss                                     0x2000009c   Section      220  i2c.o(.bss)
    .bss                                     0x20000178   Section      224  spi.o(.bss)
    .bss                                     0x20000258   Section      212  tim.o(.bss)
    .bss                                     0x2000032c   Section       72  usart.o(.bss)
    HEAP                                     0x20000378   Section      512  startup_stm32f103xb.o(HEAP)
    STACK                                    0x20000578   Section     1024  startup_stm32f103xb.o(STACK)

    Global Symbols

    Symbol Name                              Value     Ov Type        Size  Object(Section)

    BuildAttributes$$THM_ISAv4$P$D$K$B$S$PE$A:L22UL41UL21$X:L11$S22US41US21$IEEE1$IW$USESV6$~STKCKD$USESV7$~SHL$OTIME$ROPI$IEEEJ$EBA8$MICROLIB$REQ8$PRES8$EABIv2 0x00000000   Number         0  anon$$obj.o ABSOLUTE
    __ARM_use_no_argv                        0x00000000   Number         0  main.o ABSOLUTE
    __arm_fini_                               - Undefined Weak Reference
    __cpp_initialize__aeabi_                  - Undefined Weak Reference
    __cxa_finalize                            - Undefined Weak Reference
    __decompress                              - Undefined Weak Reference
    _clock_init                               - Undefined Weak Reference
    _microlib_exit                            - Undefined Weak Reference
    __Vectors_Size                           0x000000ec   Number         0  startup_stm32f103xb.o ABSOLUTE
    __Vectors                                0x08000000   Data           4  startup_stm32f103xb.o(RESET)
    __Vectors_End                            0x080000ec   Data           0  startup_stm32f103xb.o(RESET)
    __main                                   0x080000ed   Thumb Code     0  entry.o(.ARM.Collect$$$$00000000)
    _main_stk                                0x080000ed   Thumb Code     0  entry2.o(.ARM.Collect$$$$00000001)
    _main_scatterload                        0x080000f1   Thumb Code     0  entry5.o(.ARM.Collect$$$$00000004)
    __main_after_scatterload                 0x080000f5   Thumb Code     0  entry5.o(.ARM.Collect$$$$00000004)
    _main_clock                              0x080000f5   Thumb Code     0  entry7b.o(.ARM.Collect$$$$00000008)
    _main_cpp_init                           0x080000f5   Thumb Code     0  entry8b.o(.ARM.Collect$$$$0000000A)
    _main_init                               0x080000f5   Thumb Code     0  entry9a.o(.ARM.Collect$$$$0000000B)
    __rt_lib_shutdown_fini                   0x080000fd   Thumb Code     0  entry12b.o(.ARM.Collect$$$$0000000E)
    __rt_final_cpp                           0x08000101   Thumb Code     0  entry10a.o(.ARM.Collect$$$$0000000F)
    __rt_final_exit                          0x08000101   Thumb Code     0  entry11a.o(.ARM.Collect$$$$00000011)
    Reset_Handler                            0x08000105   Thumb Code     8  startup_stm32f103xb.o(.text)
    ADC1_2_IRQHandler                        0x0800011f   Thumb Code     0  startup_stm32f103xb.o(.text)
    CAN1_RX1_IRQHandler                      0x0800011f   Thumb Code     0  startup_stm32f103xb.o(.text)
    CAN1_SCE_IRQHandler                      0x0800011f   Thumb Code     0  startup_stm32f103xb.o(.text)
    DMA1_Channel1_IRQHandler                 0x0800011f   Thumb Code     0  startup_stm32f103xb.o(.text)
    DMA1_Channel4_IRQHandler                 0x0800011f   Thumb Code     0  startup_stm32f103xb.o(.text)
    EXTI0_IRQHandler                         0x0800011f   Thumb Code     0  startup_stm32f103xb.o(.text)
    EXTI15_10_IRQHandler                     0x0800011f   Thumb Code     0  startup_stm32f103xb.o(.text)
    EXTI1_IRQHandler                         0x0800011f   Thumb Code     0  startup_stm32f103xb.o(.text)
    EXTI2_IRQHandler                         0x0800011f   Thumb Code     0  startup_stm32f103xb.o(.text)
    EXTI3_IRQHandler                         0x0800011f   Thumb Code     0  startup_stm32f103xb.o(.text)
    EXTI4_IRQHandler                         0x0800011f   Thumb Code     0  startup_stm32f103xb.o(.text)
    EXTI9_5_IRQHandler                       0x0800011f   Thumb Code     0  startup_stm32f103xb.o(.text)
    FLASH_IRQHandler                         0x0800011f   Thumb Code     0  startup_stm32f103xb.o(.text)
    I2C2_ER_IRQHandler                       0x0800011f   Thumb Code     0  startup_stm32f103xb.o(.text)
    I2C2_EV_IRQHandler                       0x0800011f   Thumb Code     0  startup_stm32f103xb.o(.text)
    PVD_IRQHandler                           0x0800011f   Thumb Code     0  startup_stm32f103xb.o(.text)
    RCC_IRQHandler                           0x0800011f   Thumb Code     0  startup_stm32f103xb.o(.text)
    RTC_Alarm_IRQHandler                     0x0800011f   Thumb Code     0  startup_stm32f103xb.o(.text)
    RTC_IRQHandler                           0x0800011f   Thumb Code     0  startup_stm32f103xb.o(.text)
    SPI2_IRQHandler                          0x0800011f   Thumb Code     0  startup_stm32f103xb.o(.text)
    TAMPER_IRQHandler                        0x0800011f   Thumb Code     0  startup_stm32f103xb.o(.text)
    TIM1_BRK_IRQHandler                      0x0800011f   Thumb Code     0  startup_stm32f103xb.o(.text)
    TIM1_CC_IRQHandler                       0x0800011f   Thumb Code     0  startup_stm32f103xb.o(.text)
    TIM1_TRG_COM_IRQHandler                  0x0800011f   Thumb Code     0  startup_stm32f103xb.o(.text)
    TIM3_IRQHandler                          0x0800011f   Thumb Code     0  startup_stm32f103xb.o(.text)
    TIM4_IRQHandler                          0x0800011f   Thumb Code     0  startup_stm32f103xb.o(.text)
    USART2_IRQHandler                        0x0800011f   Thumb Code     0  startup_stm32f103xb.o(.text)
    USART3_IRQHandler                        0x0800011f   Thumb Code     0  startup_stm32f103xb.o(.text)
    USBWakeUp_IRQHandler                     0x0800011f   Thumb Code     0  startup_stm32f103xb.o(.text)
    USB_HP_CAN1_TX_IRQHandler                0x0800011f   Thumb Code     0  startup_stm32f103xb.o(.text)
    USB_LP_CAN1_RX0_IRQHandler               0x0800011f   Thumb Code     0  startup_stm32f103xb.o(.text)
    WWDG_IRQHandler                          0x0800011f   Thumb Code     0  startup_stm32f103xb.o(.text)
    __aeabi_llsr                             0x08000129   Thumb Code    32  llushr.o(.text)
    _ll_ushift_r                             0x08000129   Thumb Code     0  llushr.o(.text)
    __aeabi_memcpy                           0x08000149   Thumb Code    36  memcpya.o(.text)
    __aeabi_memcpy4                          0x08000149   Thumb Code     0  memcpya.o(.text)
    __aeabi_memcpy8                          0x08000149   Thumb Code     0  memcpya.o(.text)
    __aeabi_memset                           0x0800016d   Thumb Code    14  memseta.o(.text)
    __aeabi_memset4                          0x0800016d   Thumb Code     0  memseta.o(.text)
    __aeabi_memset8                          0x0800016d   Thumb Code     0  memseta.o(.text)
    __aeabi_memclr                           0x0800017b   Thumb Code     4  memseta.o(.text)
    __aeabi_memclr4                          0x0800017b   Thumb Code     0  memseta.o(.text)
    __aeabi_memclr8                          0x0800017b   Thumb Code     0  memseta.o(.text)
    _memset$wrapper                          0x0800017f   Thumb Code    18  memseta.o(.text)
    strtok                                   0x08000191   Thumb Code    62  strtok.o(.text)
    atoi                                     0x080001d5   Thumb Code    26  atoi.o(.text)
    __aeabi_fadd                             0x080001ef   Thumb Code   164  fadd.o(.text)
    __aeabi_fsub                             0x08000293   Thumb Code     6  fadd.o(.text)
    __aeabi_frsub                            0x08000299   Thumb Code     6  fadd.o(.text)
    __aeabi_fmul                             0x0800029f   Thumb Code   100  fmul.o(.text)
    __aeabi_fdiv                             0x08000303   Thumb Code   124  fdiv.o(.text)
    __aeabi_i2f                              0x0800037f   Thumb Code    18  fflti.o(.text)
    __aeabi_d2iz                             0x08000391   Thumb Code    62  dfixi.o(.text)
    __aeabi_f2d                              0x080003cf   Thumb Code    38  f2d.o(.text)
    strtol                                   0x080003f5   Thumb Code   112  strtol.o(.text)
    __I$use$fp                               0x08000465   Thumb Code     0  iusefp.o(.text)
    _float_round                             0x08000465   Thumb Code    18  fepilogue.o(.text)
    _float_epilogue                          0x08000477   Thumb Code    92  fepilogue.o(.text)
    __aeabi_dadd                             0x080004d3   Thumb Code   322  dadd.o(.text)
    __aeabi_dsub                             0x08000615   Thumb Code     6  dadd.o(.text)
    __aeabi_drsub                            0x0800061b   Thumb Code     6  dadd.o(.text)
    _drnd                                    0x08000621   Thumb Code   132  drnd.o(.text)
    __aeabi_cdcmpeq                          0x080006a9   Thumb Code     0  cdcmple.o(.text)
    __aeabi_cdcmple                          0x080006a9   Thumb Code    48  cdcmple.o(.text)
    __aeabi_cdrcmple                         0x080006d9   Thumb Code    48  cdrcmple.o(.text)
    __ARM_fcmp4                              0x08000709   Thumb Code    54  fcmp4.o(.text)
    _fcmp4                                   0x08000709   Thumb Code     0  fcmp4.o(.text)
    __scatterload                            0x08000741   Thumb Code    28  init.o(.text)
    __scatterload_rt2                        0x08000741   Thumb Code     0  init.o(.text)
    __aeabi_llsl                             0x08000765   Thumb Code    30  llshl.o(.text)
    _ll_shift_l                              0x08000765   Thumb Code     0  llshl.o(.text)
    __aeabi_lasr                             0x08000783   Thumb Code    36  llsshr.o(.text)
    _ll_sshift_r                             0x08000783   Thumb Code     0  llsshr.o(.text)
    __rt_ctype_table                         0x080007a9   Thumb Code     4  ctype_o.o(.text)
    _strtoul                                 0x080007b1   Thumb Code   158  _strtoul.o(.text)
    _double_round                            0x0800084f   Thumb Code    30  depilogue.o(.text)
    _double_epilogue                         0x0800086d   Thumb Code   156  depilogue.o(.text)
    _chval                                   0x08000909   Thumb Code    28  _chval.o(.text)
    BusFault_Handler                         0x08000925   Thumb Code     2  stm32f1xx_it.o(i.BusFault_Handler)
    DMA1_Channel2_IRQHandler                 0x08000929   Thumb Code     6  stm32f1xx_it.o(i.DMA1_Channel2_IRQHandler)
    DMA1_Channel3_IRQHandler                 0x08000935   Thumb Code     6  stm32f1xx_it.o(i.DMA1_Channel3_IRQHandler)
    DMA1_Channel5_IRQHandler                 0x08000941   Thumb Code     6  stm32f1xx_it.o(i.DMA1_Channel5_IRQHandler)
    DMA1_Channel6_IRQHandler                 0x0800094d   Thumb Code     6  stm32f1xx_it.o(i.DMA1_Channel6_IRQHandler)
    DMA1_Channel7_IRQHandler                 0x08000959   Thumb Code     6  stm32f1xx_it.o(i.DMA1_Channel7_IRQHandler)
    DebugMon_Handler                         0x0800098f   Thumb Code     2  stm32f1xx_it.o(i.DebugMon_Handler)
    Error_Handler                            0x08000991   Thumb Code     4  main.o(i.Error_Handler)
    HAL_DMA_Abort                            0x08000995   Thumb Code    70  stm32f1xx_hal_dma.o(i.HAL_DMA_Abort)
    HAL_DMA_Abort_IT                         0x080009dd   Thumb Code   148  stm32f1xx_hal_dma.o(i.HAL_DMA_Abort_IT)
    HAL_DMA_GetState                         0x08000a75   Thumb Code     6  stm32f1xx_hal_dma.o(i.HAL_DMA_GetState)
    HAL_DMA_IRQHandler                       0x08000a7d   Thumb Code   316  stm32f1xx_hal_dma.o(i.HAL_DMA_IRQHandler)
    HAL_DMA_Init                             0x08000bd1   Thumb Code    84  stm32f1xx_hal_dma.o(i.HAL_DMA_Init)
    HAL_DMA_Start_IT                         0x08000c2d   Thumb Code   112  stm32f1xx_hal_dma.o(i.HAL_DMA_Start_IT)
    HAL_Delay                                0x08000c9d   Thumb Code    32  stm32f1xx_hal.o(i.HAL_Delay)
    HAL_GPIO_Init                            0x08000cc1   Thumb Code   446  stm32f1xx_hal_gpio.o(i.HAL_GPIO_Init)
    HAL_GPIO_TogglePin                       0x08000ea1   Thumb Code    16  stm32f1xx_hal_gpio.o(i.HAL_GPIO_TogglePin)
    HAL_GPIO_WritePin                        0x08000eb1   Thumb Code    10  stm32f1xx_hal_gpio.o(i.HAL_GPIO_WritePin)
    HAL_GetTick                              0x08000ebd   Thumb Code     6  stm32f1xx_hal.o(i.HAL_GetTick)
    HAL_I2C_AbortCpltCallback                0x08000ec9   Thumb Code     2  stm32f1xx_hal_i2c.o(i.HAL_I2C_AbortCpltCallback)
    HAL_I2C_AddrCallback                     0x08000ecb   Thumb Code     2  stm32f1xx_hal_i2c.o(i.HAL_I2C_AddrCallback)
    HAL_I2C_ER_IRQHandler                    0x08000ecd   Thumb Code   196  stm32f1xx_hal_i2c.o(i.HAL_I2C_ER_IRQHandler)
    HAL_I2C_EV_IRQHandler                    0x08000f91   Thumb Code   560  stm32f1xx_hal_i2c.o(i.HAL_I2C_EV_IRQHandler)
    HAL_I2C_ErrorCallback                    0x080011c1   Thumb Code     2  stm32f1xx_hal_i2c.o(i.HAL_I2C_ErrorCallback)
    HAL_I2C_GetState                         0x080011c3   Thumb Code     6  stm32f1xx_hal_i2c.o(i.HAL_I2C_GetState)
    HAL_I2C_Init                             0x080011c9   Thumb Code   376  stm32f1xx_hal_i2c.o(i.HAL_I2C_Init)
    HAL_I2C_ListenCpltCallback               0x08001351   Thumb Code     2  stm32f1xx_hal_i2c.o(i.HAL_I2C_ListenCpltCallback)
    HAL_I2C_MasterRxCpltCallback             0x08001353   Thumb Code     2  stm32f1xx_hal_i2c.o(i.HAL_I2C_MasterRxCpltCallback)
    HAL_I2C_MasterTxCpltCallback             0x08001355   Thumb Code     2  stm32f1xx_hal_i2c.o(i.HAL_I2C_MasterTxCpltCallback)
    HAL_I2C_Master_Transmit_DMA              0x08001359   Thumb Code   324  stm32f1xx_hal_i2c.o(i.HAL_I2C_Master_Transmit_DMA)
    HAL_I2C_MemRxCpltCallback                0x080014ad   Thumb Code     2  stm32f1xx_hal_i2c.o(i.HAL_I2C_MemRxCpltCallback)
    HAL_I2C_MemTxCpltCallback                0x080014af   Thumb Code     2  stm32f1xx_hal_i2c.o(i.HAL_I2C_MemTxCpltCallback)
    HAL_I2C_MspInit                          0x080014b1   Thumb Code   204  i2c.o(i.HAL_I2C_MspInit)
    HAL_I2C_SlaveRxCpltCallback              0x08001591   Thumb Code     2  stm32f1xx_hal_i2c.o(i.HAL_I2C_SlaveRxCpltCallback)
    HAL_I2C_SlaveTxCpltCallback              0x08001593   Thumb Code     2  stm32f1xx_hal_i2c.o(i.HAL_I2C_SlaveTxCpltCallback)
    HAL_I2C_WriteCommand                     0x08001595   Thumb Code    38  i2c.o(i.HAL_I2C_WriteCommand)
    HAL_I2C_WriteData                        0x080015c1   Thumb Code    80  i2c.o(i.HAL_I2C_WriteData)
    HAL_IncTick                              0x08001615   Thumb Code    12  stm32f1xx_hal.o(i.HAL_IncTick)
    HAL_Init                                 0x08001625   Thumb Code    32  stm32f1xx_hal.o(i.HAL_Init)
    HAL_InitTick                             0x08001649   Thumb Code    54  stm32f1xx_hal.o(i.HAL_InitTick)
    HAL_MspInit                              0x08001689   Thumb Code    52  stm32f1xx_hal_msp.o(i.HAL_MspInit)
    HAL_NVIC_EnableIRQ                       0x080016c5   Thumb Code    26  stm32f1xx_hal_cortex.o(i.HAL_NVIC_EnableIRQ)
    HAL_NVIC_SetPriority                     0x080016e1   Thumb Code    60  stm32f1xx_hal_cortex.o(i.HAL_NVIC_SetPriority)
    HAL_NVIC_SetPriorityGrouping             0x08001721   Thumb Code    26  stm32f1xx_hal_cortex.o(i.HAL_NVIC_SetPriorityGrouping)
    HAL_RCC_ClockConfig                      0x08001745   Thumb Code   280  stm32f1xx_hal_rcc.o(i.HAL_RCC_ClockConfig)
    HAL_RCC_GetPCLK1Freq                     0x08001871   Thumb Code    20  stm32f1xx_hal_rcc.o(i.HAL_RCC_GetPCLK1Freq)
    HAL_RCC_GetPCLK2Freq                     0x08001891   Thumb Code    20  stm32f1xx_hal_rcc.o(i.HAL_RCC_GetPCLK2Freq)
    HAL_RCC_GetSysClockFreq                  0x080018b1   Thumb Code    58  stm32f1xx_hal_rcc.o(i.HAL_RCC_GetSysClockFreq)
    HAL_RCC_OscConfig                        0x080018fd   Thumb Code   778  stm32f1xx_hal_rcc.o(i.HAL_RCC_OscConfig)
    HAL_SPI_ErrorCallback                    0x08001c1d   Thumb Code     2  stm32f1xx_hal_spi.o(i.HAL_SPI_ErrorCallback)
    HAL_SPI_GetState                         0x08001c1f   Thumb Code     6  stm32f1xx_hal_spi.o(i.HAL_SPI_GetState)
    HAL_SPI_IRQHandler                       0x08001c25   Thumb Code   220  stm32f1xx_hal_spi.o(i.HAL_SPI_IRQHandler)
    HAL_SPI_Init                             0x08001d05   Thumb Code   178  stm32f1xx_hal_spi.o(i.HAL_SPI_Init)
    HAL_SPI_MspInit                          0x08001db9   Thumb Code   208  spi.o(i.HAL_SPI_MspInit)
    HAL_SPI_RxCpltCallback                   0x08001e9d   Thumb Code     2  stm32f1xx_hal_spi.o(i.HAL_SPI_RxCpltCallback)
    HAL_SPI_RxHalfCpltCallback               0x08001e9f   Thumb Code     2  stm32f1xx_hal_spi.o(i.HAL_SPI_RxHalfCpltCallback)
    HAL_SPI_TransmitReceive                  0x08001ea1   Thumb Code   496  stm32f1xx_hal_spi.o(i.HAL_SPI_TransmitReceive)
    HAL_SPI_TransmitReceive_DMA              0x08002091   Thumb Code   252  stm32f1xx_hal_spi.o(i.HAL_SPI_TransmitReceive_DMA)
    HAL_SPI_Transmit_DMA                     0x080021a1   Thumb Code   190  stm32f1xx_hal_spi.o(i.HAL_SPI_Transmit_DMA)
    HAL_SPI_TxCpltCallback                   0x0800226d   Thumb Code     2  stm32f1xx_hal_spi.o(i.HAL_SPI_TxCpltCallback)
    HAL_SPI_TxHalfCpltCallback               0x0800226f   Thumb Code     2  stm32f1xx_hal_spi.o(i.HAL_SPI_TxHalfCpltCallback)
    HAL_SPI_TxRxCpltCallback                 0x08002271   Thumb Code     2  stm32f1xx_hal_spi.o(i.HAL_SPI_TxRxCpltCallback)
    HAL_SPI_TxRxHalfCpltCallback             0x08002273   Thumb Code     2  stm32f1xx_hal_spi.o(i.HAL_SPI_TxRxHalfCpltCallback)
    HAL_SYSTICK_Config                       0x08002275   Thumb Code    40  stm32f1xx_hal_cortex.o(i.HAL_SYSTICK_Config)
    HAL_TIMEx_BreakCallback                  0x0800229d   Thumb Code     2  stm32f1xx_hal_tim_ex.o(i.HAL_TIMEx_BreakCallback)
    HAL_TIMEx_CommutCallback                 0x0800229f   Thumb Code     2  stm32f1xx_hal_tim_ex.o(i.HAL_TIMEx_CommutCallback)
    HAL_TIMEx_MasterConfigSynchronization    0x080022a1   Thumb Code    92  stm32f1xx_hal_tim_ex.o(i.HAL_TIMEx_MasterConfigSynchronization)
    HAL_TIM_Base_Init                        0x08002309   Thumb Code    90  stm32f1xx_hal_tim.o(i.HAL_TIM_Base_Init)
    HAL_TIM_Base_MspInit                     0x08002365   Thumb Code   132  tim.o(i.HAL_TIM_Base_MspInit)
    HAL_TIM_Base_Start_IT                    0x080023f9   Thumb Code    76  stm32f1xx_hal_tim.o(i.HAL_TIM_Base_Start_IT)
    HAL_TIM_ConfigClockSource                0x08002451   Thumb Code   220  stm32f1xx_hal_tim.o(i.HAL_TIM_ConfigClockSource)
    HAL_TIM_IC_CaptureCallback               0x0800252d   Thumb Code     2  stm32f1xx_hal_tim.o(i.HAL_TIM_IC_CaptureCallback)
    HAL_TIM_IRQHandler                       0x0800252f   Thumb Code   304  stm32f1xx_hal_tim.o(i.HAL_TIM_IRQHandler)
    HAL_TIM_MspPostInit                      0x08002661   Thumb Code    62  tim.o(i.HAL_TIM_MspPostInit)
    HAL_TIM_OC_DelayElapsedCallback          0x080026a9   Thumb Code     2  stm32f1xx_hal_tim.o(i.HAL_TIM_OC_DelayElapsedCallback)
    HAL_TIM_PWM_ConfigChannel                0x080026ab   Thumb Code   204  stm32f1xx_hal_tim.o(i.HAL_TIM_PWM_ConfigChannel)
    HAL_TIM_PWM_Init                         0x08002777   Thumb Code    90  stm32f1xx_hal_tim.o(i.HAL_TIM_PWM_Init)
    HAL_TIM_PWM_MspInit                      0x080027d1   Thumb Code     2  stm32f1xx_hal_tim.o(i.HAL_TIM_PWM_MspInit)
    HAL_TIM_PWM_PulseFinishedCallback        0x080027d3   Thumb Code     2  stm32f1xx_hal_tim.o(i.HAL_TIM_PWM_PulseFinishedCallback)
    HAL_TIM_PWM_Start                        0x080027d5   Thumb Code   144  stm32f1xx_hal_tim.o(i.HAL_TIM_PWM_Start)
    HAL_TIM_PeriodElapsedCallback            0x08002871   Thumb Code     2  stm32f1xx_hal_tim.o(i.HAL_TIM_PeriodElapsedCallback)
    HAL_TIM_TriggerCallback                  0x08002873   Thumb Code     2  stm32f1xx_hal_tim.o(i.HAL_TIM_TriggerCallback)
    HAL_UARTEx_RxEventCallback               0x08002875   Thumb Code     2  stm32f1xx_hal_uart.o(i.HAL_UARTEx_RxEventCallback)
    HAL_UART_ErrorCallback                   0x08002877   Thumb Code     2  stm32f1xx_hal_uart.o(i.HAL_UART_ErrorCallback)
    HAL_UART_IRQHandler                      0x08002879   Thumb Code   616  stm32f1xx_hal_uart.o(i.HAL_UART_IRQHandler)
    HAL_UART_Init                            0x08002ae5   Thumb Code   100  stm32f1xx_hal_uart.o(i.HAL_UART_Init)
    HAL_UART_MspInit                         0x08002b49   Thumb Code   116  usart.o(i.HAL_UART_MspInit)
    HAL_UART_RxCpltCallback                  0x08002bc9   Thumb Code     2  stm32f1xx_hal_uart.o(i.HAL_UART_RxCpltCallback)
    HAL_UART_TxCpltCallback                  0x08002bcb   Thumb Code     2  stm32f1xx_hal_uart.o(i.HAL_UART_TxCpltCallback)
    HardFault_Handler                        0x08002bcd   Thumb Code     2  stm32f1xx_it.o(i.HardFault_Handler)
    I2C1_ER_IRQHandler                       0x08002bd1   Thumb Code     6  stm32f1xx_it.o(i.I2C1_ER_IRQHandler)
    I2C1_EV_IRQHandler                       0x08002bdd   Thumb Code     6  stm32f1xx_it.o(i.I2C1_EV_IRQHandler)
    MX_DMA_Init                              0x08003721   Thumb Code   104  dma.o(i.MX_DMA_Init)
    MX_GPIO_Init                             0x0800378d   Thumb Code   234  gpio.o(i.MX_GPIO_Init)
    MX_I2C1_Init                             0x08003889   Thumb Code    50  i2c.o(i.MX_I2C1_Init)
    MX_SPI1_Init                             0x080038c9   Thumb Code    62  spi.o(i.MX_SPI1_Init)
    MX_TIM1_Init                             0x08003911   Thumb Code   100  tim.o(i.MX_TIM1_Init)
    MX_TIM2_Init                             0x0800397d   Thumb Code   212  tim.o(i.MX_TIM2_Init)
    MX_USART1_UART_Init                      0x08003a59   Thumb Code    48  usart.o(i.MX_USART1_UART_Init)
    MemManage_Handler                        0x08003a91   Thumb Code     2  stm32f1xx_it.o(i.MemManage_Handler)
    NMI_Handler                              0x08003a93   Thumb Code     2  stm32f1xx_it.o(i.NMI_Handler)
    NRF24L01_Clear_IRQ_Flag                  0x08003a95   Thumb Code    56  nrf24l01.o(i.NRF24L01_Clear_IRQ_Flag)
    NRF24L01_Gpio_Init                       0x08003ad1   Thumb Code    48  nrf24l01.o(i.NRF24L01_Gpio_Init)
    NRF24L01_Read_Buf                        0x08003b09   Thumb Code    62  nrf24l01.o(i.NRF24L01_Read_Buf)
    NRF24L01_Read_Reg                        0x08003b4d   Thumb Code    44  nrf24l01.o(i.NRF24L01_Read_Reg)
    NRF24L01_Read_Status_Register            0x08003b7d   Thumb Code    22  nrf24l01.o(i.NRF24L01_Read_Status_Register)
    NRF24L01_RxPacket                        0x08003b99   Thumb Code   134  nrf24l01.o(i.NRF24L01_RxPacket)
    NRF24L01_Set_RxAddr                      0x08003c29   Thumb Code    20  nrf24l01.o(i.NRF24L01_Set_RxAddr)
    NRF24L01_Set_RxAddr_DMA                  0x08003c3d   Thumb Code    78  nrf24l01.o(i.NRF24L01_Set_RxAddr_DMA)
    NRF24L01_Set_TxAddr                      0x08003c95   Thumb Code    16  nrf24l01.o(i.NRF24L01_Set_TxAddr)
    NRF24L01_Set_TxAddr_DMA                  0x08003ca5   Thumb Code    72  nrf24l01.o(i.NRF24L01_Set_TxAddr_DMA)
    NRF24L01_Write_Buf                       0x08003cf5   Thumb Code    62  nrf24l01.o(i.NRF24L01_Write_Buf)
    NRF24L01_Write_Reg                       0x08003d39   Thumb Code    46  nrf24l01.o(i.NRF24L01_Write_Reg)
    NRF24L01_check_DMA                       0x08003d6d   Thumb Code   202  nrf24l01.o(i.NRF24L01_check_DMA)
    OLED_Clear                               0x08003e4d   Thumb Code    58  oled.o(i.OLED_Clear)
    OLED_Init                                0x08003e89   Thumb Code    28  oled.o(i.OLED_Init)
    OLED_Set_Pos                             0x08003ea9   Thumb Code    34  oled.o(i.OLED_Set_Pos)
    OLED_ShowChar                            0x08003ecd   Thumb Code   148  oled.o(i.OLED_ShowChar)
    OLED_ShowString                          0x08003f69   Thumb Code    88  oled.o(i.OLED_ShowString)
    Oled_WriteCommand                        0x08003fc1   Thumb Code    12  oled.o(i.Oled_WriteCommand)
    Oled_WriteData                           0x08003fd1   Thumb Code    22  oled.o(i.Oled_WriteData)
    PendSV_Handler                           0x08003fed   Thumb Code     2  stm32f1xx_it.o(i.PendSV_Handler)
    RF24L01_Init                             0x08003ff1   Thumb Code   132  nrf24l01.o(i.RF24L01_Init)
    RF24L01_Init_DMA                         0x08004081   Thumb Code   140  nrf24l01.o(i.RF24L01_Init_DMA)
    RF24L01_Set_Mode                         0x08004121   Thumb Code    40  nrf24l01.o(i.RF24L01_Set_Mode)
    RF24L01_Set_Mode_DMA                     0x08004149   Thumb Code   134  nrf24l01.o(i.RF24L01_Set_Mode_DMA)
    SPI1_IRQHandler                          0x080041d9   Thumb Code     6  stm32f1xx_it.o(i.SPI1_IRQHandler)
    SVC_Handler                              0x080044a5   Thumb Code     2  stm32f1xx_it.o(i.SVC_Handler)
    SysTick_Handler                          0x080044a7   Thumb Code     4  stm32f1xx_it.o(i.SysTick_Handler)
    SystemClock_Config                       0x080044ab   Thumb Code    94  main.o(i.SystemClock_Config)
    SystemInit                               0x08004509   Thumb Code     2  system_stm32f1xx.o(i.SystemInit)
    TIM1_UP_IRQHandler                       0x0800450d   Thumb Code     6  stm32f1xx_it.o(i.TIM1_UP_IRQHandler)
    TIM2_IRQHandler                          0x08004519   Thumb Code     6  stm32f1xx_it.o(i.TIM2_IRQHandler)
    TIM_Base_SetConfig                       0x08004525   Thumb Code   108  stm32f1xx_hal_tim.o(i.TIM_Base_SetConfig)
    TIM_CCxChannelCmd                        0x0800459d   Thumb Code    26  stm32f1xx_hal_tim.o(i.TIM_CCxChannelCmd)
    TIM_ETR_SetConfig                        0x080045b7   Thumb Code    20  stm32f1xx_hal_tim.o(i.TIM_ETR_SetConfig)
    TIM_OC2_SetConfig                        0x0800462d   Thumb Code    84  stm32f1xx_hal_tim.o(i.TIM_OC2_SetConfig)
    USART1_IRQHandler                        0x08004941   Thumb Code     6  stm32f1xx_it.o(i.USART1_IRQHandler)
    UsageFault_Handler                       0x0800494d   Thumb Code     2  stm32f1xx_it.o(i.UsageFault_Handler)
    __aeabi_errno_addr                       0x08004971   Thumb Code     4  errno.o(i.__aeabi_errno_addr)
    __rt_errno_addr                          0x08004971   Thumb Code     0  errno.o(i.__aeabi_errno_addr)
    __scatterload_copy                       0x08004979   Thumb Code    14  handlers.o(i.__scatterload_copy)
    __scatterload_null                       0x08004987   Thumb Code     2  handlers.o(i.__scatterload_null)
    __scatterload_zeroinit                   0x08004989   Thumb Code    14  handlers.o(i.__scatterload_zeroinit)
    drv_spi_read_write_byte                  0x080049c5   Thumb Code    28  nrf24l01.o(i.drv_spi_read_write_byte)
    fmaxf                                    0x080049e5   Thumb Code    40  fmaxf.o(i.fmaxf)
    fminf                                    0x08004a0d   Thumb Code    40  fminf.o(i.fminf)
    free                                     0x08004a35   Thumb Code    76  malloc.o(i.free)
    main                                     0x08004a85   Thumb Code   188  main.o(i.main)
    malloc                                   0x08004b51   Thumb Code    92  malloc.o(i.malloc)
    parse_input_str                          0x08004c99   Thumb Code    44  main.o(i.parse_input_str)
    round                                    0x08004cc9   Thumb Code   136  round.o(i.round)
    update_motion_control                    0x08004d5d   Thumb Code   228  driver.o(i.update_motion_control)
    AHBPrescTable                            0x08004e74   Data          16  system_stm32f1xx.o(.constdata)
    APBPrescTable                            0x08004e84   Data           8  system_stm32f1xx.o(.constdata)
    F6x8                                     0x08004e8c   Data         552  oled.o(.constdata)
    F8X16                                    0x080050b4   Data        1504  oled.o(.constdata)
    Hzk                                      0x08005694   Data          32  oled.o(.constdata)
    __ctype_table                            0x080056b4   Data         129  ctype_o.o(.constdata)
    Region$$Table$$Base                      0x0800573c   Number         0  anon$$obj.o(Region$$Table)
    Region$$Table$$Limit                     0x0800575c   Number         0  anon$$obj.o(Region$$Table)
    Rpwm_in1                                 0x20000000   Data           2  tim.o(.data)
    Rpwm_in2                                 0x20000002   Data           2  tim.o(.data)
    Lpwm_in1                                 0x20000004   Data           2  tim.o(.data)
    Lpwm_in2                                 0x20000006   Data           2  tim.o(.data)
    left_motor                               0x20000008   Data          28  driver.o(.data)
    right_motor                              0x20000024   Data          28  driver.o(.data)
    uwTickFreq                               0x20000040   Data           1  stm32f1xx_hal.o(.data)
    uwTickPrio                               0x20000044   Data           4  stm32f1xx_hal.o(.data)
    uwTick                                   0x20000048   Data           4  stm32f1xx_hal.o(.data)
    SystemCoreClock                          0x2000004c   Data           4  system_stm32f1xx.o(.data)
    init_cmds                                0x20000050   Data          23  oled.o(.data)
    __microlib_freelist                      0x2000006c   Data           4  mvars.o(.data)
    __microlib_freelist_initialised          0x20000070   Data           4  mvars.o(.data)
    RX_BUFF                                  0x20000078   Data          16  main.o(.bss)
    g_RF24L01RxBuffer                        0x20000088   Data          20  main.o(.bss)
    hi2c1                                    0x2000009c   Data          84  i2c.o(.bss)
    hdma_i2c1_rx                             0x200000f0   Data          68  i2c.o(.bss)
    hdma_i2c1_tx                             0x20000134   Data          68  i2c.o(.bss)
    hspi1                                    0x20000178   Data          88  spi.o(.bss)
    hdma_spi1_rx                             0x200001d0   Data          68  spi.o(.bss)
    hdma_spi1_tx                             0x20000214   Data          68  spi.o(.bss)
    htim1                                    0x20000258   Data          72  tim.o(.bss)
    htim2                                    0x200002a0   Data          72  tim.o(.bss)
    hdma_tim2_ch1                            0x200002e8   Data          68  tim.o(.bss)
    huart1                                   0x2000032c   Data          72  usart.o(.bss)
    __heap_base                              0x20000378   Data           0  startup_stm32f103xb.o(HEAP)
    __heap_limit                             0x20000578   Data           0  startup_stm32f103xb.o(HEAP)
    __initial_sp                             0x20000978   Data           0  startup_stm32f103xb.o(STACK)



==============================================================================

Memory Map of the image

  Image Entry point : 0x080000ed

  Load Region LR_IROM1 (Base: 0x08000000, Size: 0x000057d4, Max: 0x00010000, ABSOLUTE)

    Execution Region ER_IROM1 (Exec base: 0x08000000, Load base: 0x08000000, Size: 0x0000575c, Max: 0x00010000, ABSOLUTE)

    Exec Addr    Load Addr    Size         Type   Attr      Idx    E Section Name        Object

    0x08000000   0x08000000   0x000000ec   Data   RO            3    RESET               startup_stm32f103xb.o
    0x080000ec   0x080000ec   0x00000000   Code   RO         4214  * .ARM.Collect$$$$00000000  mc_w.l(entry.o)
    0x080000ec   0x080000ec   0x00000004   Code   RO         4277    .ARM.Collect$$$$00000001  mc_w.l(entry2.o)
    0x080000f0   0x080000f0   0x00000004   Code   RO         4280    .ARM.Collect$$$$00000004  mc_w.l(entry5.o)
    0x080000f4   0x080000f4   0x00000000   Code   RO         4282    .ARM.Collect$$$$00000008  mc_w.l(entry7b.o)
    0x080000f4   0x080000f4   0x00000000   Code   RO         4284    .ARM.Collect$$$$0000000A  mc_w.l(entry8b.o)
    0x080000f4   0x080000f4   0x00000008   Code   RO         4285    .ARM.Collect$$$$0000000B  mc_w.l(entry9a.o)
    0x080000fc   0x080000fc   0x00000004   Code   RO         4292    .ARM.Collect$$$$0000000E  mc_w.l(entry12b.o)
    0x08000100   0x08000100   0x00000000   Code   RO         4287    .ARM.Collect$$$$0000000F  mc_w.l(entry10a.o)
    0x08000100   0x08000100   0x00000000   Code   RO         4289    .ARM.Collect$$$$00000011  mc_w.l(entry11a.o)
    0x08000100   0x08000100   0x00000004   Code   RO         4278    .ARM.Collect$$$$00002712  mc_w.l(entry2.o)
    0x08000104   0x08000104   0x00000024   Code   RO            4    .text               startup_stm32f103xb.o
    0x08000128   0x08000128   0x00000020   Code   RO         4217    .text               mc_w.l(llushr.o)
    0x08000148   0x08000148   0x00000024   Code   RO         4219    .text               mc_w.l(memcpya.o)
    0x0800016c   0x0800016c   0x00000024   Code   RO         4221    .text               mc_w.l(memseta.o)
    0x08000190   0x08000190   0x00000044   Code   RO         4223    .text               mc_w.l(strtok.o)
    0x080001d4   0x080001d4   0x0000001a   Code   RO         4259    .text               mc_w.l(atoi.o)
    0x080001ee   0x080001ee   0x000000b0   Code   RO         4261    .text               mf_w.l(fadd.o)
    0x0800029e   0x0800029e   0x00000064   Code   RO         4263    .text               mf_w.l(fmul.o)
    0x08000302   0x08000302   0x0000007c   Code   RO         4265    .text               mf_w.l(fdiv.o)
    0x0800037e   0x0800037e   0x00000012   Code   RO         4267    .text               mf_w.l(fflti.o)
    0x08000390   0x08000390   0x0000003e   Code   RO         4273    .text               mf_w.l(dfixi.o)
    0x080003ce   0x080003ce   0x00000026   Code   RO         4275    .text               mf_w.l(f2d.o)
    0x080003f4   0x080003f4   0x00000070   Code   RO         4302    .text               mc_w.l(strtol.o)
    0x08000464   0x08000464   0x00000000   Code   RO         4304    .text               mc_w.l(iusefp.o)
    0x08000464   0x08000464   0x0000006e   Code   RO         4305    .text               mf_w.l(fepilogue.o)
    0x080004d2   0x080004d2   0x0000014e   Code   RO         4307    .text               mf_w.l(dadd.o)
    0x08000620   0x08000620   0x00000088   Code   RO         4309    .text               mf_w.l(drnd.o)
    0x080006a8   0x080006a8   0x00000030   Code   RO         4311    .text               mf_w.l(cdcmple.o)
    0x080006d8   0x080006d8   0x00000030   Code   RO         4313    .text               mf_w.l(cdrcmple.o)
    0x08000708   0x08000708   0x00000036   Code   RO         4315    .text               mf_w.l(fcmp4.o)
    0x0800073e   0x0800073e   0x00000002   PAD
    0x08000740   0x08000740   0x00000024   Code   RO         4317    .text               mc_w.l(init.o)
    0x08000764   0x08000764   0x0000001e   Code   RO         4319    .text               mc_w.l(llshl.o)
    0x08000782   0x08000782   0x00000024   Code   RO         4321    .text               mc_w.l(llsshr.o)
    0x080007a6   0x080007a6   0x00000002   PAD
    0x080007a8   0x080007a8   0x00000008   Code   RO         4323    .text               mc_w.l(ctype_o.o)
    0x080007b0   0x080007b0   0x0000009e   Code   RO         4351    .text               mc_w.l(_strtoul.o)
    0x0800084e   0x0800084e   0x000000ba   Code   RO         4353    .text               mf_w.l(depilogue.o)
    0x08000908   0x08000908   0x0000001c   Code   RO         4355    .text               mc_w.l(_chval.o)
    0x08000924   0x08000924   0x00000002   Code   RO          709    i.BusFault_Handler  stm32f1xx_it.o
    0x08000926   0x08000926   0x00000002   PAD
    0x08000928   0x08000928   0x0000000c   Code   RO          710    i.DMA1_Channel2_IRQHandler  stm32f1xx_it.o
    0x08000934   0x08000934   0x0000000c   Code   RO          711    i.DMA1_Channel3_IRQHandler  stm32f1xx_it.o
    0x08000940   0x08000940   0x0000000c   Code   RO          712    i.DMA1_Channel5_IRQHandler  stm32f1xx_it.o
    0x0800094c   0x0800094c   0x0000000c   Code   RO          713    i.DMA1_Channel6_IRQHandler  stm32f1xx_it.o
    0x08000958   0x08000958   0x0000000c   Code   RO          714    i.DMA1_Channel7_IRQHandler  stm32f1xx_it.o
    0x08000964   0x08000964   0x0000002a   Code   RO         1775    i.DMA_SetConfig     stm32f1xx_hal_dma.o
    0x0800098e   0x0800098e   0x00000002   Code   RO          715    i.DebugMon_Handler  stm32f1xx_it.o
    0x08000990   0x08000990   0x00000004   Code   RO          382    i.Error_Handler     main.o
    0x08000994   0x08000994   0x00000046   Code   RO         1776    i.HAL_DMA_Abort     stm32f1xx_hal_dma.o
    0x080009da   0x080009da   0x00000002   PAD
    0x080009dc   0x080009dc   0x00000098   Code   RO         1777    i.HAL_DMA_Abort_IT  stm32f1xx_hal_dma.o
    0x08000a74   0x08000a74   0x00000006   Code   RO         1780    i.HAL_DMA_GetState  stm32f1xx_hal_dma.o
    0x08000a7a   0x08000a7a   0x00000002   PAD
    0x08000a7c   0x08000a7c   0x00000154   Code   RO         1781    i.HAL_DMA_IRQHandler  stm32f1xx_hal_dma.o
    0x08000bd0   0x08000bd0   0x0000005c   Code   RO         1782    i.HAL_DMA_Init      stm32f1xx_hal_dma.o
    0x08000c2c   0x08000c2c   0x00000070   Code   RO         1786    i.HAL_DMA_Start_IT  stm32f1xx_hal_dma.o
    0x08000c9c   0x08000c9c   0x00000024   Code   RO         1402    i.HAL_Delay         stm32f1xx_hal.o
    0x08000cc0   0x08000cc0   0x000001e0   Code   RO         1712    i.HAL_GPIO_Init     stm32f1xx_hal_gpio.o
    0x08000ea0   0x08000ea0   0x00000010   Code   RO         1715    i.HAL_GPIO_TogglePin  stm32f1xx_hal_gpio.o
    0x08000eb0   0x08000eb0   0x0000000a   Code   RO         1716    i.HAL_GPIO_WritePin  stm32f1xx_hal_gpio.o
    0x08000eba   0x08000eba   0x00000002   PAD
    0x08000ebc   0x08000ebc   0x0000000c   Code   RO         1406    i.HAL_GetTick       stm32f1xx_hal.o
    0x08000ec8   0x08000ec8   0x00000002   Code   RO          958    i.HAL_I2C_AbortCpltCallback  stm32f1xx_hal_i2c.o
    0x08000eca   0x08000eca   0x00000002   Code   RO          959    i.HAL_I2C_AddrCallback  stm32f1xx_hal_i2c.o
    0x08000ecc   0x08000ecc   0x000000c4   Code   RO          962    i.HAL_I2C_ER_IRQHandler  stm32f1xx_hal_i2c.o
    0x08000f90   0x08000f90   0x00000230   Code   RO          963    i.HAL_I2C_EV_IRQHandler  stm32f1xx_hal_i2c.o
    0x080011c0   0x080011c0   0x00000002   Code   RO          965    i.HAL_I2C_ErrorCallback  stm32f1xx_hal_i2c.o
    0x080011c2   0x080011c2   0x00000006   Code   RO          968    i.HAL_I2C_GetState  stm32f1xx_hal_i2c.o
    0x080011c8   0x080011c8   0x00000188   Code   RO          969    i.HAL_I2C_Init      stm32f1xx_hal_i2c.o
    0x08001350   0x08001350   0x00000002   Code   RO          971    i.HAL_I2C_ListenCpltCallback  stm32f1xx_hal_i2c.o
    0x08001352   0x08001352   0x00000002   Code   RO          972    i.HAL_I2C_MasterRxCpltCallback  stm32f1xx_hal_i2c.o
    0x08001354   0x08001354   0x00000002   Code   RO          973    i.HAL_I2C_MasterTxCpltCallback  stm32f1xx_hal_i2c.o
    0x08001356   0x08001356   0x00000002   PAD
    0x08001358   0x08001358   0x00000154   Code   RO          983    i.HAL_I2C_Master_Transmit_DMA  stm32f1xx_hal_i2c.o
    0x080014ac   0x080014ac   0x00000002   Code   RO          985    i.HAL_I2C_MemRxCpltCallback  stm32f1xx_hal_i2c.o
    0x080014ae   0x080014ae   0x00000002   Code   RO          986    i.HAL_I2C_MemTxCpltCallback  stm32f1xx_hal_i2c.o
    0x080014b0   0x080014b0   0x000000e0   Code   RO          510    i.HAL_I2C_MspInit   i2c.o
    0x08001590   0x08001590   0x00000002   Code   RO          995    i.HAL_I2C_SlaveRxCpltCallback  stm32f1xx_hal_i2c.o
    0x08001592   0x08001592   0x00000002   Code   RO          996    i.HAL_I2C_SlaveTxCpltCallback  stm32f1xx_hal_i2c.o
    0x08001594   0x08001594   0x0000002c   Code   RO          511    i.HAL_I2C_WriteCommand  i2c.o
    0x080015c0   0x080015c0   0x00000054   Code   RO          512    i.HAL_I2C_WriteData  i2c.o
    0x08001614   0x08001614   0x00000010   Code   RO         1412    i.HAL_IncTick       stm32f1xx_hal.o
    0x08001624   0x08001624   0x00000024   Code   RO         1413    i.HAL_Init          stm32f1xx_hal.o
    0x08001648   0x08001648   0x00000040   Code   RO         1414    i.HAL_InitTick      stm32f1xx_hal.o
    0x08001688   0x08001688   0x0000003c   Code   RO          851    i.HAL_MspInit       stm32f1xx_hal_msp.o
    0x080016c4   0x080016c4   0x0000001a   Code   RO         1872    i.HAL_NVIC_EnableIRQ  stm32f1xx_hal_cortex.o
    0x080016de   0x080016de   0x00000002   PAD
    0x080016e0   0x080016e0   0x00000040   Code   RO         1878    i.HAL_NVIC_SetPriority  stm32f1xx_hal_cortex.o
    0x08001720   0x08001720   0x00000024   Code   RO         1879    i.HAL_NVIC_SetPriorityGrouping  stm32f1xx_hal_cortex.o
    0x08001744   0x08001744   0x0000012c   Code   RO         1570    i.HAL_RCC_ClockConfig  stm32f1xx_hal_rcc.o
    0x08001870   0x08001870   0x00000020   Code   RO         1577    i.HAL_RCC_GetPCLK1Freq  stm32f1xx_hal_rcc.o
    0x08001890   0x08001890   0x00000020   Code   RO         1578    i.HAL_RCC_GetPCLK2Freq  stm32f1xx_hal_rcc.o
    0x080018b0   0x080018b0   0x0000004c   Code   RO         1579    i.HAL_RCC_GetSysClockFreq  stm32f1xx_hal_rcc.o
    0x080018fc   0x080018fc   0x00000320   Code   RO         1582    i.HAL_RCC_OscConfig  stm32f1xx_hal_rcc.o
    0x08001c1c   0x08001c1c   0x00000002   Code   RO         2379    i.HAL_SPI_ErrorCallback  stm32f1xx_hal_spi.o
    0x08001c1e   0x08001c1e   0x00000006   Code   RO         2381    i.HAL_SPI_GetState  stm32f1xx_hal_spi.o
    0x08001c24   0x08001c24   0x000000e0   Code   RO         2382    i.HAL_SPI_IRQHandler  stm32f1xx_hal_spi.o
    0x08001d04   0x08001d04   0x000000b2   Code   RO         2383    i.HAL_SPI_Init      stm32f1xx_hal_spi.o
    0x08001db6   0x08001db6   0x00000002   PAD
    0x08001db8   0x08001db8   0x000000e4   Code   RO          571    i.HAL_SPI_MspInit   spi.o
    0x08001e9c   0x08001e9c   0x00000002   Code   RO         2389    i.HAL_SPI_RxCpltCallback  stm32f1xx_hal_spi.o
    0x08001e9e   0x08001e9e   0x00000002   Code   RO         2390    i.HAL_SPI_RxHalfCpltCallback  stm32f1xx_hal_spi.o
    0x08001ea0   0x08001ea0   0x000001f0   Code   RO         2392    i.HAL_SPI_TransmitReceive  stm32f1xx_hal_spi.o
    0x08002090   0x08002090   0x00000110   Code   RO         2393    i.HAL_SPI_TransmitReceive_DMA  stm32f1xx_hal_spi.o
    0x080021a0   0x080021a0   0x000000cc   Code   RO         2395    i.HAL_SPI_Transmit_DMA  stm32f1xx_hal_spi.o
    0x0800226c   0x0800226c   0x00000002   Code   RO         2397    i.HAL_SPI_TxCpltCallback  stm32f1xx_hal_spi.o
    0x0800226e   0x0800226e   0x00000002   Code   RO         2398    i.HAL_SPI_TxHalfCpltCallback  stm32f1xx_hal_spi.o
    0x08002270   0x08002270   0x00000002   Code   RO         2399    i.HAL_SPI_TxRxCpltCallback  stm32f1xx_hal_spi.o
    0x08002272   0x08002272   0x00000002   Code   RO         2400    i.HAL_SPI_TxRxHalfCpltCallback  stm32f1xx_hal_spi.o
    0x08002274   0x08002274   0x00000028   Code   RO         1883    i.HAL_SYSTICK_Config  stm32f1xx_hal_cortex.o
    0x0800229c   0x0800229c   0x00000002   Code   RO         3400    i.HAL_TIMEx_BreakCallback  stm32f1xx_hal_tim_ex.o
    0x0800229e   0x0800229e   0x00000002   Code   RO         3401    i.HAL_TIMEx_CommutCallback  stm32f1xx_hal_tim_ex.o
    0x080022a0   0x080022a0   0x00000068   Code   RO         3419    i.HAL_TIMEx_MasterConfigSynchronization  stm32f1xx_hal_tim_ex.o
    0x08002308   0x08002308   0x0000005a   Code   RO         2696    i.HAL_TIM_Base_Init  stm32f1xx_hal_tim.o
    0x08002362   0x08002362   0x00000002   PAD
    0x08002364   0x08002364   0x00000094   Code   RO          613    i.HAL_TIM_Base_MspInit  tim.o
    0x080023f8   0x080023f8   0x00000058   Code   RO         2701    i.HAL_TIM_Base_Start_IT  stm32f1xx_hal_tim.o
    0x08002450   0x08002450   0x000000dc   Code   RO         2705    i.HAL_TIM_ConfigClockSource  stm32f1xx_hal_tim.o
    0x0800252c   0x0800252c   0x00000002   Code   RO         2730    i.HAL_TIM_IC_CaptureCallback  stm32f1xx_hal_tim.o
    0x0800252e   0x0800252e   0x00000130   Code   RO         2744    i.HAL_TIM_IRQHandler  stm32f1xx_hal_tim.o
    0x0800265e   0x0800265e   0x00000002   PAD
    0x08002660   0x08002660   0x00000048   Code   RO          614    i.HAL_TIM_MspPostInit  tim.o
    0x080026a8   0x080026a8   0x00000002   Code   RO         2747    i.HAL_TIM_OC_DelayElapsedCallback  stm32f1xx_hal_tim.o
    0x080026aa   0x080026aa   0x000000cc   Code   RO         2768    i.HAL_TIM_PWM_ConfigChannel  stm32f1xx_hal_tim.o
    0x08002776   0x08002776   0x0000005a   Code   RO         2771    i.HAL_TIM_PWM_Init  stm32f1xx_hal_tim.o
    0x080027d0   0x080027d0   0x00000002   Code   RO         2773    i.HAL_TIM_PWM_MspInit  stm32f1xx_hal_tim.o
    0x080027d2   0x080027d2   0x00000002   Code   RO         2774    i.HAL_TIM_PWM_PulseFinishedCallback  stm32f1xx_hal_tim.o
    0x080027d4   0x080027d4   0x0000009c   Code   RO         2776    i.HAL_TIM_PWM_Start  stm32f1xx_hal_tim.o
    0x08002870   0x08002870   0x00000002   Code   RO         2782    i.HAL_TIM_PeriodElapsedCallback  stm32f1xx_hal_tim.o
    0x08002872   0x08002872   0x00000002   Code   RO         2787    i.HAL_TIM_TriggerCallback  stm32f1xx_hal_tim.o
    0x08002874   0x08002874   0x00000002   Code   RO         3679    i.HAL_UARTEx_RxEventCallback  stm32f1xx_hal_uart.o
    0x08002876   0x08002876   0x00000002   Code   RO         3693    i.HAL_UART_ErrorCallback  stm32f1xx_hal_uart.o
    0x08002878   0x08002878   0x0000026c   Code   RO         3696    i.HAL_UART_IRQHandler  stm32f1xx_hal_uart.o
    0x08002ae4   0x08002ae4   0x00000064   Code   RO         3697    i.HAL_UART_Init     stm32f1xx_hal_uart.o
    0x08002b48   0x08002b48   0x00000080   Code   RO          668    i.HAL_UART_MspInit  usart.o
    0x08002bc8   0x08002bc8   0x00000002   Code   RO         3703    i.HAL_UART_RxCpltCallback  stm32f1xx_hal_uart.o
    0x08002bca   0x08002bca   0x00000002   Code   RO         3708    i.HAL_UART_TxCpltCallback  stm32f1xx_hal_uart.o
    0x08002bcc   0x08002bcc   0x00000002   Code   RO          716    i.HardFault_Handler  stm32f1xx_it.o
    0x08002bce   0x08002bce   0x00000002   PAD
    0x08002bd0   0x08002bd0   0x0000000c   Code   RO          717    i.I2C1_ER_IRQHandler  stm32f1xx_it.o
    0x08002bdc   0x08002bdc   0x0000000c   Code   RO          718    i.I2C1_EV_IRQHandler  stm32f1xx_it.o
    0x08002be8   0x08002be8   0x000000bc   Code   RO         1007    i.I2C_DMAAbort      stm32f1xx_hal_i2c.o
    0x08002ca4   0x08002ca4   0x00000036   Code   RO         1008    i.I2C_DMAError      stm32f1xx_hal_i2c.o
    0x08002cda   0x08002cda   0x00000112   Code   RO         1009    i.I2C_DMAXferCplt   stm32f1xx_hal_i2c.o
    0x08002dec   0x08002dec   0x00000010   Code   RO         1010    i.I2C_Flush_DR      stm32f1xx_hal_i2c.o
    0x08002dfc   0x08002dfc   0x00000158   Code   RO         1011    i.I2C_ITError       stm32f1xx_hal_i2c.o
    0x08002f54   0x08002f54   0x000000da   Code   RO         1013    i.I2C_MasterReceive_BTF  stm32f1xx_hal_i2c.o
    0x0800302e   0x0800302e   0x00000002   PAD
    0x08003030   0x08003030   0x000000f4   Code   RO         1014    i.I2C_MasterReceive_RXNE  stm32f1xx_hal_i2c.o
    0x08003124   0x08003124   0x00000082   Code   RO         1017    i.I2C_MasterTransmit_BTF  stm32f1xx_hal_i2c.o
    0x080031a6   0x080031a6   0x00000002   PAD
    0x080031a8   0x080031a8   0x000000b6   Code   RO         1018    i.I2C_MasterTransmit_TXE  stm32f1xx_hal_i2c.o
    0x0800325e   0x0800325e   0x00000002   PAD
    0x08003260   0x08003260   0x00000158   Code   RO         1019    i.I2C_Master_ADDR   stm32f1xx_hal_i2c.o
    0x080033b8   0x080033b8   0x0000008c   Code   RO         1020    i.I2C_Master_SB     stm32f1xx_hal_i2c.o
    0x08003444   0x08003444   0x000000a8   Code   RO         1021    i.I2C_MemoryTransmit_TXE_BTF  stm32f1xx_hal_i2c.o
    0x080034ec   0x080034ec   0x00000046   Code   RO         1024    i.I2C_Slave_ADDR    stm32f1xx_hal_i2c.o
    0x08003532   0x08003532   0x00000002   PAD
    0x08003534   0x08003534   0x00000090   Code   RO         1025    i.I2C_Slave_AF      stm32f1xx_hal_i2c.o
    0x080035c4   0x080035c4   0x0000015c   Code   RO         1026    i.I2C_Slave_STOPF   stm32f1xx_hal_i2c.o
    0x08003720   0x08003720   0x0000006c   Code   RO          485    i.MX_DMA_Init       dma.o
    0x0800378c   0x0800378c   0x000000fc   Code   RO          461    i.MX_GPIO_Init      gpio.o
    0x08003888   0x08003888   0x00000040   Code   RO          513    i.MX_I2C1_Init      i2c.o
    0x080038c8   0x080038c8   0x00000048   Code   RO          572    i.MX_SPI1_Init      spi.o
    0x08003910   0x08003910   0x0000006c   Code   RO          615    i.MX_TIM1_Init      tim.o
    0x0800397c   0x0800397c   0x000000dc   Code   RO          616    i.MX_TIM2_Init      tim.o
    0x08003a58   0x08003a58   0x00000038   Code   RO          669    i.MX_USART1_UART_Init  usart.o
    0x08003a90   0x08003a90   0x00000002   Code   RO          719    i.MemManage_Handler  stm32f1xx_it.o
    0x08003a92   0x08003a92   0x00000002   Code   RO          720    i.NMI_Handler       stm32f1xx_it.o
    0x08003a94   0x08003a94   0x0000003c   Code   RO           13    i.NRF24L01_Clear_IRQ_Flag  nrf24l01.o
    0x08003ad0   0x08003ad0   0x00000038   Code   RO           16    i.NRF24L01_Gpio_Init  nrf24l01.o
    0x08003b08   0x08003b08   0x00000044   Code   RO           18    i.NRF24L01_Read_Buf  nrf24l01.o
    0x08003b4c   0x08003b4c   0x00000030   Code   RO           20    i.NRF24L01_Read_Reg  nrf24l01.o
    0x08003b7c   0x08003b7c   0x0000001c   Code   RO           23    i.NRF24L01_Read_Status_Register  nrf24l01.o
    0x08003b98   0x08003b98   0x00000090   Code   RO           26    i.NRF24L01_RxPacket  nrf24l01.o
    0x08003c28   0x08003c28   0x00000014   Code   RO           29    i.NRF24L01_Set_RxAddr  nrf24l01.o
    0x08003c3c   0x08003c3c   0x00000058   Code   RO           30    i.NRF24L01_Set_RxAddr_DMA  nrf24l01.o
    0x08003c94   0x08003c94   0x00000010   Code   RO           32    i.NRF24L01_Set_TxAddr  nrf24l01.o
    0x08003ca4   0x08003ca4   0x00000050   Code   RO           33    i.NRF24L01_Set_TxAddr_DMA  nrf24l01.o
    0x08003cf4   0x08003cf4   0x00000044   Code   RO           36    i.NRF24L01_Write_Buf  nrf24l01.o
    0x08003d38   0x08003d38   0x00000034   Code   RO           38    i.NRF24L01_Write_Reg  nrf24l01.o
    0x08003d6c   0x08003d6c   0x000000e0   Code   RO           44    i.NRF24L01_check_DMA  nrf24l01.o
    0x08003e4c   0x08003e4c   0x0000003a   Code   RO         4068    i.OLED_Clear        oled.o
    0x08003e86   0x08003e86   0x00000002   PAD
    0x08003e88   0x08003e88   0x00000020   Code   RO         4074    i.OLED_Init         oled.o
    0x08003ea8   0x08003ea8   0x00000022   Code   RO         4077    i.OLED_Set_Pos      oled.o
    0x08003eca   0x08003eca   0x00000002   PAD
    0x08003ecc   0x08003ecc   0x0000009c   Code   RO         4079    i.OLED_ShowChar     oled.o
    0x08003f68   0x08003f68   0x00000058   Code   RO         4081    i.OLED_ShowString   oled.o
    0x08003fc0   0x08003fc0   0x00000010   Code   RO         4085    i.Oled_WriteCommand  oled.o
    0x08003fd0   0x08003fd0   0x0000001c   Code   RO         4086    i.Oled_WriteData    oled.o
    0x08003fec   0x08003fec   0x00000002   Code   RO          721    i.PendSV_Handler    stm32f1xx_it.o
    0x08003fee   0x08003fee   0x00000002   PAD
    0x08003ff0   0x08003ff0   0x00000090   Code   RO           45    i.RF24L01_Init      nrf24l01.o
    0x08004080   0x08004080   0x000000a0   Code   RO           46    i.RF24L01_Init_DMA  nrf24l01.o
    0x08004120   0x08004120   0x00000028   Code   RO           48    i.RF24L01_Set_Mode  nrf24l01.o
    0x08004148   0x08004148   0x00000090   Code   RO           49    i.RF24L01_Set_Mode_DMA  nrf24l01.o
    0x080041d8   0x080041d8   0x0000000c   Code   RO          722    i.SPI1_IRQHandler   stm32f1xx_it.o
    0x080041e4   0x080041e4   0x00000010   Code   RO         2410    i.SPI_DMAAbortOnError  stm32f1xx_hal_spi.o
    0x080041f4   0x080041f4   0x00000022   Code   RO         2411    i.SPI_DMAError      stm32f1xx_hal_spi.o
    0x08004216   0x08004216   0x0000000a   Code   RO         2412    i.SPI_DMAHalfReceiveCplt  stm32f1xx_hal_spi.o
    0x08004220   0x08004220   0x0000000a   Code   RO         2413    i.SPI_DMAHalfTransmitCplt  stm32f1xx_hal_spi.o
    0x0800422a   0x0800422a   0x0000000a   Code   RO         2414    i.SPI_DMAHalfTransmitReceiveCplt  stm32f1xx_hal_spi.o
    0x08004234   0x08004234   0x0000006a   Code   RO         2415    i.SPI_DMAReceiveCplt  stm32f1xx_hal_spi.o
    0x0800429e   0x0800429e   0x00000064   Code   RO         2417    i.SPI_DMATransmitCplt  stm32f1xx_hal_spi.o
    0x08004302   0x08004302   0x0000005a   Code   RO         2418    i.SPI_DMATransmitReceiveCplt  stm32f1xx_hal_spi.o
    0x0800435c   0x0800435c   0x0000005c   Code   RO         2420    i.SPI_EndRxTransaction  stm32f1xx_hal_spi.o
    0x080043b8   0x080043b8   0x00000034   Code   RO         2421    i.SPI_EndRxTxTransaction  stm32f1xx_hal_spi.o
    0x080043ec   0x080043ec   0x000000b8   Code   RO         2426    i.SPI_WaitFlagStateUntilTimeout  stm32f1xx_hal_spi.o
    0x080044a4   0x080044a4   0x00000002   Code   RO          723    i.SVC_Handler       stm32f1xx_it.o
    0x080044a6   0x080044a6   0x00000004   Code   RO          724    i.SysTick_Handler   stm32f1xx_it.o
    0x080044aa   0x080044aa   0x0000005e   Code   RO          383    i.SystemClock_Config  main.o
    0x08004508   0x08004508   0x00000002   Code   RO         4031    i.SystemInit        system_stm32f1xx.o
    0x0800450a   0x0800450a   0x00000002   PAD
    0x0800450c   0x0800450c   0x0000000c   Code   RO          725    i.TIM1_UP_IRQHandler  stm32f1xx_it.o
    0x08004518   0x08004518   0x0000000c   Code   RO          726    i.TIM2_IRQHandler   stm32f1xx_it.o
    0x08004524   0x08004524   0x00000078   Code   RO         2789    i.TIM_Base_SetConfig  stm32f1xx_hal_tim.o
    0x0800459c   0x0800459c   0x0000001a   Code   RO         2790    i.TIM_CCxChannelCmd  stm32f1xx_hal_tim.o
    0x080045b6   0x080045b6   0x00000014   Code   RO         2800    i.TIM_ETR_SetConfig  stm32f1xx_hal_tim.o
    0x080045ca   0x080045ca   0x00000010   Code   RO         2801    i.TIM_ITRx_SetConfig  stm32f1xx_hal_tim.o
    0x080045da   0x080045da   0x00000002   PAD
    0x080045dc   0x080045dc   0x00000050   Code   RO         2802    i.TIM_OC1_SetConfig  stm32f1xx_hal_tim.o
    0x0800462c   0x0800462c   0x00000058   Code   RO         2803    i.TIM_OC2_SetConfig  stm32f1xx_hal_tim.o
    0x08004684   0x08004684   0x00000058   Code   RO         2804    i.TIM_OC3_SetConfig  stm32f1xx_hal_tim.o
    0x080046dc   0x080046dc   0x00000044   Code   RO         2805    i.TIM_OC4_SetConfig  stm32f1xx_hal_tim.o
    0x08004720   0x08004720   0x00000022   Code   RO         2807    i.TIM_TI1_ConfigInputStage  stm32f1xx_hal_tim.o
    0x08004742   0x08004742   0x00000024   Code   RO         2809    i.TIM_TI2_ConfigInputStage  stm32f1xx_hal_tim.o
    0x08004766   0x08004766   0x00000010   Code   RO         3710    i.UART_DMAAbortOnError  stm32f1xx_hal_uart.o
    0x08004776   0x08004776   0x0000004e   Code   RO         3720    i.UART_EndRxTransfer  stm32f1xx_hal_uart.o
    0x080047c4   0x080047c4   0x000000c2   Code   RO         3722    i.UART_Receive_IT   stm32f1xx_hal_uart.o
    0x08004886   0x08004886   0x00000002   PAD
    0x08004888   0x08004888   0x000000b8   Code   RO         3723    i.UART_SetConfig    stm32f1xx_hal_uart.o
    0x08004940   0x08004940   0x0000000c   Code   RO          727    i.USART1_IRQHandler  stm32f1xx_it.o
    0x0800494c   0x0800494c   0x00000002   Code   RO          728    i.UsageFault_Handler  stm32f1xx_it.o
    0x0800494e   0x0800494e   0x00000020   Code   RO         1885    i.__NVIC_SetPriority  stm32f1xx_hal_cortex.o
    0x0800496e   0x0800496e   0x00000002   PAD
    0x08004970   0x08004970   0x00000008   Code   RO         4295    i.__aeabi_errno_addr  mc_w.l(errno.o)
    0x08004978   0x08004978   0x0000000e   Code   RO         4359    i.__scatterload_copy  mc_w.l(handlers.o)
    0x08004986   0x08004986   0x00000002   Code   RO         4360    i.__scatterload_null  mc_w.l(handlers.o)
    0x08004988   0x08004988   0x0000000e   Code   RO         4361    i.__scatterload_zeroinit  mc_w.l(handlers.o)
    0x08004996   0x08004996   0x0000002e   Code   RO          875    i.apply_deadzone    driver.o
    0x080049c4   0x080049c4   0x00000020   Code   RO           52    i.drv_spi_read_write_byte  nrf24l01.o
    0x080049e4   0x080049e4   0x00000028   Code   RO         4210    i.fmaxf             m_ws.l(fmaxf.o)
    0x08004a0c   0x08004a0c   0x00000028   Code   RO         4212    i.fminf             m_ws.l(fminf.o)
    0x08004a34   0x08004a34   0x00000050   Code   RO         4231    i.free              mc_w.l(malloc.o)
    0x08004a84   0x08004a84   0x000000cc   Code   RO          384    i.main              main.o
    0x08004b50   0x08004b50   0x0000006c   Code   RO         4232    i.malloc            mc_w.l(malloc.o)
    0x08004bbc   0x08004bbc   0x000000dc   Code   RO          876    i.motor_control     driver.o
    0x08004c98   0x08004c98   0x00000030   Code   RO          385    i.parse_input_str   main.o
    0x08004cc8   0x08004cc8   0x00000094   Code   RO         4208    i.round             m_ws.l(round.o)
    0x08004d5c   0x08004d5c   0x000000f4   Code   RO          878    i.update_motion_control  driver.o
    0x08004e50   0x08004e50   0x00000012   Data   RO           54    .constdata          nrf24l01.o
    0x08004e62   0x08004e62   0x00000012   Data   RO         1583    .constdata          stm32f1xx_hal_rcc.o
    0x08004e74   0x08004e74   0x00000010   Data   RO         4032    .constdata          system_stm32f1xx.o
    0x08004e84   0x08004e84   0x00000008   Data   RO         4033    .constdata          system_stm32f1xx.o
    0x08004e8c   0x08004e8c   0x00000828   Data   RO         4088    .constdata          oled.o
    0x080056b4   0x080056b4   0x00000081   Data   RO         4324    .constdata          mc_w.l(ctype_o.o)
    0x08005735   0x08005735   0x00000003   PAD
    0x08005738   0x08005738   0x00000004   Data   RO         4325    .constdata          mc_w.l(ctype_o.o)
    0x0800573c   0x0800573c   0x00000020   Data   RO         4357    Region$$Table       anon$$obj.o


    Execution Region RW_IRAM1 (Exec base: 0x20000000, Load base: 0x0800575c, Size: 0x00000978, Max: 0x00005000, ABSOLUTE)

    Exec Addr    Load Addr    Size         Type   Attr      Idx    E Section Name        Object

    0x20000000   0x0800575c   0x00000008   Data   RW          618    .data               tim.o
    0x20000008   0x08005764   0x00000038   Data   RW          879    .data               driver.o
    0x20000040   0x0800579c   0x0000000c   Data   RW         1420    .data               stm32f1xx_hal.o
    0x2000004c   0x080057a8   0x00000004   Data   RW         4034    .data               system_stm32f1xx.o
    0x20000050   0x080057ac   0x00000017   Data   RW         4090    .data               oled.o
    0x20000067   0x080057c3   0x00000001   PAD
    0x20000068   0x080057c4   0x00000004   Data   RW         4224    .data               mc_w.l(strtok.o)
    0x2000006c   0x080057c8   0x00000004   Data   RW         4293    .data               mc_w.l(mvars.o)
    0x20000070   0x080057cc   0x00000004   Data   RW         4294    .data               mc_w.l(mvars.o)
    0x20000074   0x080057d0   0x00000004   Data   RW         4298    .data               mc_w.l(errno.o)
    0x20000078        -       0x00000024   Zero   RW          387    .bss                main.o
    0x2000009c        -       0x000000dc   Zero   RW          514    .bss                i2c.o
    0x20000178        -       0x000000e0   Zero   RW          573    .bss                spi.o
    0x20000258        -       0x000000d4   Zero   RW          617    .bss                tim.o
    0x2000032c        -       0x00000048   Zero   RW          670    .bss                usart.o
    0x20000374   0x080057d4   0x00000004   PAD
    0x20000378        -       0x00000200   Zero   RW            2    HEAP                startup_stm32f103xb.o
    0x20000578        -       0x00000400   Zero   RW            1    STACK               startup_stm32f103xb.o


==============================================================================

Image component sizes


      Code (inc. data)   RO Data    RW Data    ZI Data      Debug   Object Name

       108          4          0          0          0        774   dma.o
       510         30          0         56          0       3045   driver.o
       252         18          0          0          0        995   gpio.o
       416         44          0          0        220       3387   i2c.o
       350         20          0          0         36       3514   main.o
      1472        136         18          0          0     454821   nrf24l01.o
       412         22       2088         23          0       5228   oled.o
       300         30          0          0        224       1819   spi.o
        36          8        236          0       1536        796   startup_stm32f103xb.o
       164         28          0         12          0       5845   stm32f1xx_hal.o
       198         14          0          0          0      28907   stm32f1xx_hal_cortex.o
       814         36          0          0          0       5489   stm32f1xx_hal_dma.o
       506         34          0          0          0       3473   stm32f1xx_hal_gpio.o
      4378         72          0          0          0      25798   stm32f1xx_hal_i2c.o
        60          8          0          0          0        862   stm32f1xx_hal_msp.o
      1240         84         18          0          0       5068   stm32f1xx_hal_rcc.o
      2098         42          0          0          0      17136   stm32f1xx_hal_spi.o
      1740         56          0          0          0      16462   stm32f1xx_hal_tim.o
       108         12          0          0          0       2373   stm32f1xx_hal_tim_ex.o
      1200         10          0          0          0       7904   stm32f1xx_hal_uart.o
       152         66          0          0          0       8580   stm32f1xx_it.o
         2          0         24          4          0       1095   system_stm32f1xx.o
       548         42          0          8        212       3287   tim.o
       184         20          0          0         72       1654   usart.o

    ----------------------------------------------------------------------
     17290        836       2416        104       2304     608312   Object Totals
         0          0         32          0          0          0   (incl. Generated)
        42          0          0          1          4          0   (incl. Padding)

    ----------------------------------------------------------------------

      Code (inc. data)   RO Data    RW Data    ZI Data      Debug   Library Member Name

        40          0          0          0          0         80   fmaxf.o
        40          0          0          0          0         80   fminf.o
       148         12          0          0          0         88   round.o
        28          0          0          0          0         68   _chval.o
       158          0          0          0          0         92   _strtoul.o
        26          0          0          0          0         80   atoi.o
         8          4        133          0          0         68   ctype_o.o
         0          0          0          0          0          0   entry.o
         0          0          0          0          0          0   entry10a.o
         0          0          0          0          0          0   entry11a.o
         4          0          0          0          0          0   entry12b.o
         8          4          0          0          0          0   entry2.o
         4          0          0          0          0          0   entry5.o
         0          0          0          0          0          0   entry7b.o
         0          0          0          0          0          0   entry8b.o
         8          4          0          0          0          0   entry9a.o
         8          4          0          4          0         68   errno.o
        30          0          0          0          0          0   handlers.o
        36          8          0          0          0         68   init.o
         0          0          0          0          0          0   iusefp.o
        30          0          0          0          0         68   llshl.o
        36          0          0          0          0         68   llsshr.o
        32          0          0          0          0         68   llushr.o
       188         20          0          0          0        160   malloc.o
        36          0          0          0          0         68   memcpya.o
        36          0          0          0          0        108   memseta.o
         0          0          0          8          0          0   mvars.o
        68          6          0          4          0         80   strtok.o
       112          0          0          0          0         88   strtol.o
        48          0          0          0          0         68   cdcmple.o
        48          0          0          0          0         68   cdrcmple.o
       334          0          0          0          0        148   dadd.o
       186          0          0          0          0        176   depilogue.o
        62          0          0          0          0         80   dfixi.o
       136          4          0          0          0         92   drnd.o
        38          0          0          0          0         68   f2d.o
       176          0          0          0          0        140   fadd.o
        54          0          0          0          0         68   fcmp4.o
       124          0          0          0          0         88   fdiv.o
       110          0          0          0          0        168   fepilogue.o
        18          0          0          0          0         68   fflti.o
       100          0          0          0          0         76   fmul.o

    ----------------------------------------------------------------------
      2522         66        136         16          0       2708   Library Totals
         4          0          3          0          0          0   (incl. Padding)

    ----------------------------------------------------------------------

      Code (inc. data)   RO Data    RW Data    ZI Data      Debug   Library Name

       228         12          0          0          0        248   m_ws.l
       856         50        133         16          0       1152   mc_w.l
      1434          4          0          0          0       1308   mf_w.l

    ----------------------------------------------------------------------
      2522         66        136         16          0       2708   Library Totals

    ----------------------------------------------------------------------

==============================================================================


      Code (inc. data)   RO Data    RW Data    ZI Data      Debug   

     19812        902       2552        120       2304     600356   Grand Totals
     19812        902       2552        120       2304     600356   ELF Image Totals
     19812        902       2552        120          0          0   ROM Totals

==============================================================================

    Total RO  Size (Code + RO Data)                22364 (  21.84kB)
    Total RW  Size (RW Data + ZI Data)              2424 (   2.37kB)
    Total ROM Size (Code + RO Data + RW Data)      22484 (  21.96kB)

==============================================================================

