<html>
<body>
<pre>
<h1>µVision Build Log</h1>
<h2>Tool Versions:</h2>
IDE-Version: ¦ÌVision V5.41.0.0
Copyright (C) 2024 ARM Ltd and ARM Germany GmbH. All rights reserved.
License Information: User-based license: Unexpected error.
Contact your support representatives. Providing a copy of 'C:\Users\zhang\.armlm\logs\2025-05-03_22-55-13_34036.log' will help diagnose the problem. You can find more information about this error on 'https://lm.arm.com/500'. 
Tool Versions:
Toolchain:         Version: 5.41.0.0
Toolchain Path:  F:\KEIL\Keil_v5\ARM\ARMCC\Bin
C Compiler:      Armcc.exe V5.06 update 7 (build 960)
Assembler:       Armasm.exe V5.06 update 7 (build 960)
Linker/Locator:  ArmLink.exe V5.06 update 7 (build 960)
Library Manager: ArmAr.exe V5.06 update 7 (build 960)
Hex Converter:   FromElf.exe V5.06 update 7 (build 960)
CPU DLL:         SARMCM3.DLL V5.41.0.0
Dialog DLL:      DCM.DLL V1.17.5.0
Target DLL:      CMSIS_AGDI.dll V1.33.21.0
Dialog DLL:      TCM.DLL V1.56.4.0
 
<h2>Project:</h2>
c:\Users\zhang\Desktop\my_bysj\Software\boat\MDK-ARM\template.uvprojx
Project File Date:  05/03/2025

<h2>Output:</h2>
*** Warning: The configured compiler version '5.06 update 7 (build 960)' does not support the selected User Based Licensing technology.
*** Using Compiler 'V5.06 update 7 (build 960)', folder: 'F:\KEIL\Keil_v5\ARM\ARMCC\Bin'
Rebuild target 'template'
assembling startup_stm32f103xb.s...
compiling stm32f1xx_hal_msp.c...
compiling stm32f1xx_it.c...
compiling main.c...
../Core/Src/main.c(166): warning:  #167-D: argument of type "char *" is incompatible with parameter of type "uint8_t *"
  		if (0 != NRF24L01_RxPacket_DMA(g_RF24L01RxBuffer)) // æŽ¥æ”¶å­—èŠ‚
../Core/Src/main.c(176): warning:  #223-D: function "quiescent" declared implicitly
  			quiescent();
../Core/Src/main.c(106): warning:  #177-D: variable "i"  was declared but never referenced
  	uint8_t i = 0;
../Core/Src/main.c: 3 warnings, 0 errors
compiling nrf24l01.c...
compiling driver.c...
compiling i2c.c...
compiling stm32f1xx_hal_rcc.c...
compiling usart.c...
compiling tim.c...
compiling stm32f1xx_hal.c...
compiling dma.c...
compiling stm32f1xx_hal_gpio_ex.c...
compiling gpio.c...
compiling spi.c...
compiling stm32f1xx_hal_gpio.c...
compiling stm32f1xx_hal_i2c.c...
compiling stm32f1xx_hal_rcc_ex.c...
compiling stm32f1xx_hal_dma.c...
compiling stm32f1xx_hal_cortex.c...
compiling stm32f1xx_hal_pwr.c...
compiling stm32f1xx_hal_flash_ex.c...
compiling stm32f1xx_hal_flash.c...
compiling stm32f1xx_hal_exti.c...
compiling system_stm32f1xx.c...
compiling oled.c...
compiling stm32f1xx_hal_tim_ex.c...
compiling stm32f1xx_hal_spi.c...
compiling stm32f1xx_hal_uart.c...
compiling stm32f1xx_hal_tim.c...
linking...
Program Size: Code=18460 RO-data=464 RW-data=92 ZI-data=1788  
FromELF: creating hex file...
"template\template.axf" - 0 Error(s), 3 Warning(s).

<h2>Software Packages used:</h2>

Package Vendor: ARM
                https://www.keil.com/pack/ARM.CMSIS.6.1.0.pack
                ARM::CMSIS@6.1.0
                CMSIS (Common Microcontroller Software Interface Standard)
   * Component: CORE Version: 6.1.0

Package Vendor: Keil
                https://www.keil.com/pack/Keil.STM32F1xx_DFP.2.4.1.pack
                Keil::STM32F1xx_DFP@2.4.1
                STMicroelectronics STM32F1 Series Device Support, Drivers and Examples

<h2>Collection of Component include folders:</h2>
  ./RTE/_template
  F:/KEIL/Pack/ARM/CMSIS/6.1.0/CMSIS/Core/Include
  F:/KEIL/Pack/Keil/STM32F1xx_DFP/2.4.1/Device/Include

<h2>Collection of Component Files used:</h2>

   * Component: ARM::CMSIS:CORE@6.1.0
      Include file:  CMSIS/Core/Include/tz_context.h
Build Time Elapsed:  00:00:04
</pre>
</body>
</html>
